Archive member included because of file (symbol)

c:/davev4-64bit/dave-4.3.2/eclipse/arm-gcc-49/bin/../lib/gcc/arm-none-eabi/4.9.3/../../../../arm-none-eabi/lib/armv7e-m/softfp\libm.a(lib_a-wf_sqrt.o)
                              ./main.o (sqrtf)
c:/davev4-64bit/dave-4.3.2/eclipse/arm-gcc-49/bin/../lib/gcc/arm-none-eabi/4.9.3/../../../../arm-none-eabi/lib/armv7e-m/softfp\libm.a(lib_a-ef_sqrt.o)
                              c:/davev4-64bit/dave-4.3.2/eclipse/arm-gcc-49/bin/../lib/gcc/arm-none-eabi/4.9.3/../../../../arm-none-eabi/lib/armv7e-m/softfp\libm.a(lib_a-wf_sqrt.o) (__ieee754_sqrtf)
c:/davev4-64bit/dave-4.3.2/eclipse/arm-gcc-49/bin/../lib/gcc/arm-none-eabi/4.9.3/../../../../arm-none-eabi/lib/armv7e-m/softfp\libm.a(lib_a-s_lib_ver.o)
                              c:/davev4-64bit/dave-4.3.2/eclipse/arm-gcc-49/bin/../lib/gcc/arm-none-eabi/4.9.3/../../../../arm-none-eabi/lib/armv7e-m/softfp\libm.a(lib_a-wf_sqrt.o) (__fdlib_version)
c:/davev4-64bit/dave-4.3.2/eclipse/arm-gcc-49/bin/../lib/gcc/arm-none-eabi/4.9.3/../../../../arm-none-eabi/lib/armv7e-m/softfp\libm.a(lib_a-s_matherr.o)
                              c:/davev4-64bit/dave-4.3.2/eclipse/arm-gcc-49/bin/../lib/gcc/arm-none-eabi/4.9.3/../../../../arm-none-eabi/lib/armv7e-m/softfp\libm.a(lib_a-wf_sqrt.o) (matherr)
c:/davev4-64bit/dave-4.3.2/eclipse/arm-gcc-49/bin/../lib/gcc/arm-none-eabi/4.9.3/../../../../arm-none-eabi/lib/armv7e-m/softfp\libm.a(lib_a-sf_fpclassify.o)
                              c:/davev4-64bit/dave-4.3.2/eclipse/arm-gcc-49/bin/../lib/gcc/arm-none-eabi/4.9.3/../../../../arm-none-eabi/lib/armv7e-m/softfp\libm.a(lib_a-wf_sqrt.o) (__fpclassifyf)
c:/davev4-64bit/dave-4.3.2/eclipse/arm-gcc-49/bin/../lib/gcc/arm-none-eabi/4.9.3/armv7e-m/softfp\libgcc.a(_arm_addsubdf3.o)
                              c:/davev4-64bit/dave-4.3.2/eclipse/arm-gcc-49/bin/../lib/gcc/arm-none-eabi/4.9.3/../../../../arm-none-eabi/lib/armv7e-m/softfp\libm.a(lib_a-wf_sqrt.o) (__aeabi_f2d)
c:/davev4-64bit/dave-4.3.2/eclipse/arm-gcc-49/bin/../lib/gcc/arm-none-eabi/4.9.3/armv7e-m/softfp\libgcc.a(_arm_muldivdf3.o)
                              c:/davev4-64bit/dave-4.3.2/eclipse/arm-gcc-49/bin/../lib/gcc/arm-none-eabi/4.9.3/../../../../arm-none-eabi/lib/armv7e-m/softfp\libm.a(lib_a-wf_sqrt.o) (__aeabi_ddiv)
c:/davev4-64bit/dave-4.3.2/eclipse/arm-gcc-49/bin/../lib/gcc/arm-none-eabi/4.9.3/armv7e-m/softfp\libgcc.a(_arm_truncdfsf2.o)
                              c:/davev4-64bit/dave-4.3.2/eclipse/arm-gcc-49/bin/../lib/gcc/arm-none-eabi/4.9.3/../../../../arm-none-eabi/lib/armv7e-m/softfp\libm.a(lib_a-wf_sqrt.o) (__aeabi_d2f)
c:/davev4-64bit/dave-4.3.2/eclipse/arm-gcc-49/bin/../lib/gcc/arm-none-eabi/4.9.3/armv7e-m/softfp\libgcc.a(_aeabi_uldivmod.o)
                              ./Dave/Generated/TIMER/timer.o (__aeabi_uldivmod)
c:/davev4-64bit/dave-4.3.2/eclipse/arm-gcc-49/bin/../lib/gcc/arm-none-eabi/4.9.3/armv7e-m/softfp\libgcc.a(bpabi.o)
                              c:/davev4-64bit/dave-4.3.2/eclipse/arm-gcc-49/bin/../lib/gcc/arm-none-eabi/4.9.3/armv7e-m/softfp\libgcc.a(_aeabi_uldivmod.o) (__gnu_uldivmod_helper)
c:/davev4-64bit/dave-4.3.2/eclipse/arm-gcc-49/bin/../lib/gcc/arm-none-eabi/4.9.3/armv7e-m/softfp\libgcc.a(_dvmd_tls.o)
                              c:/davev4-64bit/dave-4.3.2/eclipse/arm-gcc-49/bin/../lib/gcc/arm-none-eabi/4.9.3/armv7e-m/softfp\libgcc.a(_aeabi_uldivmod.o) (__aeabi_ldiv0)
c:/davev4-64bit/dave-4.3.2/eclipse/arm-gcc-49/bin/../lib/gcc/arm-none-eabi/4.9.3/armv7e-m/softfp\libgcc.a(_divdi3.o)
                              c:/davev4-64bit/dave-4.3.2/eclipse/arm-gcc-49/bin/../lib/gcc/arm-none-eabi/4.9.3/armv7e-m/softfp\libgcc.a(bpabi.o) (__divdi3)
c:/davev4-64bit/dave-4.3.2/eclipse/arm-gcc-49/bin/../lib/gcc/arm-none-eabi/4.9.3/armv7e-m/softfp\libgcc.a(_udivdi3.o)
                              c:/davev4-64bit/dave-4.3.2/eclipse/arm-gcc-49/bin/../lib/gcc/arm-none-eabi/4.9.3/armv7e-m/softfp\libgcc.a(bpabi.o) (__udivdi3)
c:/davev4-64bit/dave-4.3.2/eclipse/arm-gcc-49/bin/../lib/gcc/arm-none-eabi/4.9.3/../../../../arm-none-eabi/lib/armv7e-m/softfp\libg_nano.a(lib_a-errno.o)
                              ./Libraries/Newlib/syscalls.o (__errno)
c:/davev4-64bit/dave-4.3.2/eclipse/arm-gcc-49/bin/../lib/gcc/arm-none-eabi/4.9.3/../../../../arm-none-eabi/lib/armv7e-m/softfp\libg_nano.a(lib_a-impure.o)
                              c:/davev4-64bit/dave-4.3.2/eclipse/arm-gcc-49/bin/../lib/gcc/arm-none-eabi/4.9.3/../../../../arm-none-eabi/lib/armv7e-m/softfp\libg_nano.a(lib_a-errno.o) (_impure_ptr)
c:/davev4-64bit/dave-4.3.2/eclipse/arm-gcc-49/bin/../lib/gcc/arm-none-eabi/4.9.3/../../../../arm-none-eabi/lib/armv7e-m/softfp\libg_nano.a(lib_a-init.o)
                              ./Startup/startup_XMC4500.o (__libc_init_array)
c:/davev4-64bit/dave-4.3.2/eclipse/arm-gcc-49/bin/../lib/gcc/arm-none-eabi/4.9.3/../../../../arm-none-eabi/lib/armv7e-m/softfp\libg_nano.a(lib_a-memcpy.o)
                              ./Libraries/XMCLib/src/xmc_eth_mac.o (memcpy)
[...]
Memory Configuration

Name             Origin             Length             Attributes
FLASH_1_cached   0x08000000         0x00100000         xr
FLASH_1_uncached 0x0c000000         0x00100000         xr
PSRAM_1          0x10000000         0x00010000         !xr
DSRAM_1_system   0x20000000         0x00010000         !xr
DSRAM_2_comm     0x30000000         0x00008000         !xr
*default*        0x00000000         0xffffffff

Linker script and memory map

LOAD ./Startup/startup_XMC4500.o
LOAD ./Startup/system_XMC4500.o
LOAD ./Libraries/XMCLib/src/xmc4_eru.o
LOAD ./Libraries/XMCLib/src/xmc4_flash.o
LOAD ./Libraries/XMCLib/src/xmc4_gpio.o
LOAD ./Libraries/XMCLib/src/xmc4_rtc.o
LOAD ./Libraries/XMCLib/src/xmc4_scu.o
LOAD ./Libraries/XMCLib/src/xmc_can.o
LOAD ./Libraries/XMCLib/src/xmc_ccu4.o
LOAD ./Libraries/XMCLib/src/xmc_ccu8.o
LOAD ./Libraries/XMCLib/src/xmc_common.o
LOAD ./Libraries/XMCLib/src/xmc_dac.o
LOAD ./Libraries/XMCLib/src/xmc_dma.o
LOAD ./Libraries/XMCLib/src/xmc_dsd.o
LOAD ./Libraries/XMCLib/src/xmc_ebu.o
LOAD ./Libraries/XMCLib/src/xmc_ecat.o
LOAD ./Libraries/XMCLib/src/xmc_eru.o
LOAD ./Libraries/XMCLib/src/xmc_eth_mac.o
LOAD ./Libraries/XMCLib/src/xmc_eth_phy_dp83848.o
LOAD ./Libraries/XMCLib/src/xmc_eth_phy_ksz8031rnl.o
LOAD ./Libraries/XMCLib/src/xmc_eth_phy_ksz8081rnb.o
LOAD ./Libraries/XMCLib/src/xmc_fce.o
LOAD ./Libraries/XMCLib/src/xmc_gpio.o
LOAD ./Libraries/XMCLib/src/xmc_hrpwm.o
LOAD ./Libraries/XMCLib/src/xmc_i2c.o
LOAD ./Libraries/XMCLib/src/xmc_i2s.o
LOAD ./Libraries/XMCLib/src/xmc_ledts.o
LOAD ./Libraries/XMCLib/src/xmc_posif.o
LOAD ./Libraries/XMCLib/src/xmc_rtc.o
LOAD ./Libraries/XMCLib/src/xmc_sdmmc.o
LOAD ./Libraries/XMCLib/src/xmc_spi.o
LOAD ./Libraries/XMCLib/src/xmc_uart.o
LOAD ./Libraries/XMCLib/src/xmc_usbd.o
LOAD ./Libraries/XMCLib/src/xmc_usbh.o
LOAD ./Libraries/XMCLib/src/xmc_usic.o
LOAD ./Libraries/XMCLib/src/xmc_vadc.o
LOAD ./Libraries/XMCLib/src/xmc_wdt.o
LOAD ./Libraries/Newlib/syscalls.o
LOAD ./Dave/Generated/UART/uart.o
LOAD ./Dave/Generated/UART/uart_conf.o
LOAD ./Dave/Generated/TIMER/timer.o
LOAD ./Dave/Generated/TIMER/timer_conf.o
LOAD ./Dave/Generated/SYSTIMER/systimer.o
LOAD ./Dave/Generated/SYSTIMER/systimer_conf.o
LOAD ./Dave/Generated/SPI_MASTER/spi_master.o
LOAD ./Dave/Generated/SPI_MASTER/spi_master_conf.o
LOAD ./Dave/Generated/PWM_SVM/pwm_svm.o
LOAD ./Dave/Generated/PWM_SVM/pwm_svm_conf.o
LOAD ./Dave/Generated/PWM_SVM/pwm_svm_table.o
LOAD ./Dave/Generated/MOTOR_LIB/motor_lib.o
LOAD ./Dave/Generated/INTERRUPT/interrupt.o
LOAD ./Dave/Generated/INTERRUPT/interrupt_conf.o
LOAD ./Dave/Generated/GLOBAL_CCU8/global_ccu8.o
LOAD ./Dave/Generated/GLOBAL_CCU8/global_ccu8_conf.o
LOAD ./Dave/Generated/GLOBAL_CCU4/global_ccu4.o
LOAD ./Dave/Generated/GLOBAL_CCU4/global_ccu4_conf.o
LOAD ./Dave/Generated/GLOBAL_ADC/global_adc.o
LOAD ./Dave/Generated/GLOBAL_ADC/global_adc_conf.o
LOAD ./Dave/Generated/DIGITAL_IO/digital_io.o
LOAD ./Dave/Generated/DIGITAL_IO/digital_io_conf.o
LOAD ./Dave/Generated/DAC/dac.o
LOAD ./Dave/Generated/DAC/dac_conf.o
LOAD ./Dave/Generated/CPU_CTRL_XMC4/cpu_ctrl_xmc4.o
LOAD ./Dave/Generated/CPU_CTRL_XMC4/cpu_ctrl_xmc4_conf.o
LOAD ./Dave/Generated/CLOCK_XMC4/clock_xmc4.o
LOAD ./Dave/Generated/CLOCK_XMC4/clock_xmc4_conf.o
LOAD ./Dave/Generated/ADC_QUEUE/adc_queue.o
LOAD ./Dave/Generated/ADC_QUEUE/adc_queue_conf.o
LOAD ./Dave/Generated/ADC_MEASUREMENT_ADV/adc_measurement_adv.o
LOAD ./Dave/Generated/ADC_MEASUREMENT_ADV/adc_measurement_adv_conf.o
LOAD ./Dave/Generated/DAVE.o
LOAD ./main.o
LOAD c:/davev4-64bit/dave-4.3.2/eclipse/arm-gcc-49/bin/../lib/gcc/arm-none-eabi/4.9.3/../../../../arm-none-eabi/lib/armv7e-m/softfp\libm.a
START GROUP
LOAD c:/davev4-64bit/dave-4.3.2/eclipse/arm-gcc-49/bin/../lib/gcc/arm-none-eabi/4.9.3/armv7e-m/softfp\libgcc.a
LOAD c:/davev4-64bit/dave-4.3.2/eclipse/arm-gcc-49/bin/../lib/gcc/arm-none-eabi/4.9.3/../../../../arm-none-eabi/lib/armv7e-m/softfp\libg_nano.a
LOAD c:/davev4-64bit/dave-4.3.2/eclipse/arm-gcc-49/bin/../lib/gcc/arm-none-eabi/4.9.3/../../../../arm-none-eabi/lib/armv7e-m/softfp\libc_nano.a
END GROUP
START GROUP
LOAD c:/davev4-64bit/dave-4.3.2/eclipse/arm-gcc-49/bin/../lib/gcc/arm-none-eabi/4.9.3/armv7e-m/softfp\libgcc.a
LOAD c:/davev4-64bit/dave-4.3.2/eclipse/arm-gcc-49/bin/../lib/gcc/arm-none-eabi/4.9.3/../../../../arm-none-eabi/lib/armv7e-m/softfp\libc_nano.a
LOAD c:/davev4-64bit/dave-4.3.2/eclipse/arm-gcc-49/bin/../lib/gcc/arm-none-eabi/4.9.3/../../../../arm-none-eabi/lib/armv7e-m/softfp\libnosys.a
END GROUP
START GROUP
LOAD c:/davev4-64bit/dave-4.3.2/eclipse/arm-gcc-49/bin/../lib/gcc/arm-none-eabi/4.9.3/armv7e-m/softfp\libgcc.a
LOAD c:/davev4-64bit/dave-4.3.2/eclipse/arm-gcc-49/bin/../lib/gcc/arm-none-eabi/4.9.3/../../../../arm-none-eabi/lib/armv7e-m/softfp\libc_nano.a
LOAD c:/davev4-64bit/dave-4.3.2/eclipse/arm-gcc-49/bin/../lib/gcc/arm-none-eabi/4.9.3/../../../../arm-none-eabi/lib/armv7e-m/softfp\libnosys.a
END GROUP
                0x00000800                stack_size = DEFINED (stack_size)?stack_size:0x800
                0x00000040                no_init_size = 0x40

.text           0x08000000     0x8aa0 load address 0x0c000000
                0x08000000                sText = .
 *(.reset)
 .reset         0x08000000      0x2b4 ./Startup/startup_XMC4500.o
                0x08000000                __Vectors
                0x08000200                Reset_Handler
                0x080002b0                DSD0_7_IRQHandler
                0x080002b0                DebugMon_Handler
                0x080002b0                VADC0_C0_0_IRQHandler
                0x080002b0                CAN0_4_IRQHandler
                0x080002b0                USIC0_5_IRQHandler
                0x080002b0                POSIF0_0_IRQHandler
                0x080002b0                POSIF1_0_IRQHandler
                0x080002b0                HardFault_Handler
                0x080002b0                VADC0_G1_1_IRQHandler
                0x080002b0                PendSV_Handler
                0x080002b0                NMI_Handler
                0x080002b0                USIC1_3_IRQHandler
                0x080002b0                CCU40_2_IRQHandler
                0x080002b0                SCU_0_IRQHandler
                0x080002b0                ERU0_0_IRQHandler
                0x080002b0                CCU41_0_IRQHandler
                0x080002b0                USIC1_5_IRQHandler
                0x080002b0                DSD0_4_IRQHandler
                0x080002b0                CCU80_1_IRQHandler
                0x080002b0                CCU81_0_IRQHandler
                0x080002b0                UsageFault_Handler
                0x080002b0                USIC0_0_IRQHandler
                0x080002b0                POSIF1_1_IRQHandler
                0x080002b0                ERU0_2_IRQHandler
                0x080002b0                CCU81_1_IRQHandler
                0x080002b0                ERU1_1_IRQHandler
                0x080002b0                VADC0_G2_3_IRQHandler
                0x080002b0                VADC0_G2_2_IRQHandler
                0x080002b0                CCU42_3_IRQHandler
                0x080002b0                ERU0_3_IRQHandler
                0x080002b0                DSD0_5_IRQHandler
                0x080002b0                VADC0_C0_3_IRQHandler
                0x080002b0                CAN0_6_IRQHandler
                0x080002b0                CCU43_0_IRQHandler
                0x080002b0                CCU81_2_IRQHandler
                0x080002b0                USIC2_4_IRQHandler
                0x080002b0                CCU81_3_IRQHandler
                0x080002b0                CCU42_1_IRQHandler
                0x080002b0                USIC2_5_IRQHandler
                0x080002b0                CCU40_0_IRQHandler
                0x080002b0                CAN0_0_IRQHandler
                0x080002b0                ERU1_0_IRQHandler
                0x080002b0                CCU42_2_IRQHandler
                0x080002b0                Default_Handler
                0x080002b0                USIC1_4_IRQHandler
                0x080002b0                ERU1_3_IRQHandler
                0x080002b0                POSIF0_1_IRQHandler
                0x080002b0                VADC0_G0_0_IRQHandler
                0x080002b0                DSD0_2_IRQHandler
                0x080002b0                CCU80_3_IRQHandler
                0x080002b0                CCU41_3_IRQHandler
                0x080002b0                VADC0_G0_3_IRQHandler
                0x080002b0                GPDMA0_0_IRQHandler
                0x080002b0                PMU0_0_IRQHandler
                0x080002b0                CAN0_7_IRQHandler
                0x080002b0                DSD0_1_IRQHandler
                0x080002b0                CCU41_2_IRQHandler
                0x080002b0                VADC0_C0_1_IRQHandler
                0x080002b0                CCU43_2_IRQHandler
                0x080002b0                USIC2_2_IRQHandler
                0x080002b0                MemManage_Handler
                0x080002b0                VADC0_G3_1_IRQHandler
                0x080002b0                DAC0_0_IRQHandler
                0x080002b0                SVC_Handler
                0x080002b0                VADC0_G3_3_IRQHandler
                0x080002b0                ERU1_2_IRQHandler
                0x080002b0                CCU41_1_IRQHandler
                0x080002b0                DSD0_6_IRQHandler
                0x080002b0                VADC0_G1_2_IRQHandler
                0x080002b0                USIC2_3_IRQHandler
                0x080002b0                CAN0_2_IRQHandler
                0x080002b0                USIC2_0_IRQHandler
                0x080002b0                VADC0_G0_2_IRQHandler
                0x080002b0                VADC0_G2_1_IRQHandler
                0x080002b0                CAN0_3_IRQHandler
                0x080002b0                ETH0_0_IRQHandler
                0x080002b0                USIC0_3_IRQHandler
                0x080002b0                DSD0_0_IRQHandler
                0x080002b0                VADC0_C0_2_IRQHandler
                0x080002b0                CCU42_0_IRQHandler
                0x080002b0                FCE0_0_IRQHandler
                0x080002b0                VADC0_G1_0_IRQHandler
                0x080002b0                USB0_0_IRQHandler
                0x080002b0                CAN0_5_IRQHandler
                0x080002b0                CCU80_0_IRQHandler
                0x080002b0                CCU40_1_IRQHandler
                0x080002b0                USIC2_1_IRQHandler
                0x080002b0                USIC0_1_IRQHandler
                0x080002b0                VADC0_G3_2_IRQHandler
                0x080002b0                CCU40_3_IRQHandler
                0x080002b0                BusFault_Handler
                0x080002b0                LEDTS0_0_IRQHandler
                0x080002b0                USIC0_4_IRQHandler
                0x080002b0                CCU43_3_IRQHandler
                0x080002b0                ERU0_1_IRQHandler
                0x080002b0                VADC0_G3_0_IRQHandler
                0x080002b0                USIC1_2_IRQHandler
                0x080002b0                DSD0_3_IRQHandler
                0x080002b0                SDMMC0_0_IRQHandler
                0x080002b0                CAN0_1_IRQHandler
                0x080002b0                USIC0_2_IRQHandler
                0x080002b0                DAC0_1_IRQHandler
                0x080002b0                GPDMA1_0_IRQHandler
 *(.text .text.* .gnu.linkonce.t.*)
 .text.SystemInit
                0x080002b4       0x20 ./Startup/system_XMC4500.o
                0x080002b4                SystemInit
 .text.SystemCoreClockUpdate
                0x080002d4       0xd4 ./Startup/system_XMC4500.o
                0x080002d4                SystemCoreClockUpdate
 .text.XMC_GPIO_Init
                0x080003a8      0x140 ./Libraries/XMCLib/src/xmc4_gpio.o
                0x080003a8                XMC_GPIO_Init
 .text.XMC_SCU_CLOCK_GetCpuClockFrequency
                0x080004e8       0x18 ./Libraries/XMCLib/src/xmc4_scu.o
 .text.XMC_SCU_GetMirrorStatus
                0x08000500       0x18 ./Libraries/XMCLib/src/xmc4_scu.o
 .text.XMC_SCU_lDelay
                0x08000518       0x44 ./Libraries/XMCLib/src/xmc4_scu.o
 .text.XMC_SCU_CLOCK_Init
                0x0800055c       0xec ./Libraries/XMCLib/src/xmc4_scu.o
                0x0800055c                XMC_SCU_CLOCK_Init
 .text.XMC_SCU_RESET_DeassertPeripheralReset
                0x08000648       0x38 ./Libraries/XMCLib/src/xmc4_scu.o
                0x08000648                XMC_SCU_RESET_DeassertPeripheralReset
 .text.XMC_SCU_RESET_IsPeripheralResetAsserted
                0x08000680       0x48 ./Libraries/XMCLib/src/xmc4_scu.o
                0x08000680                XMC_SCU_RESET_IsPeripheralResetAsserted
 .text.XMC_SCU_CLOCK_GetPeripheralClockFrequency
                0x080006c8       0x20 ./Libraries/XMCLib/src/xmc4_scu.o
                0x080006c8                XMC_SCU_CLOCK_GetPeripheralClockFrequency
 .text.XMC_SCU_CLOCK_SetSystemClockSource
                0x080006e8       0x28 ./Libraries/XMCLib/src/xmc4_scu.o
                0x080006e8                XMC_SCU_CLOCK_SetSystemClockSource
 .text.XMC_SCU_CLOCK_SetUsbClockSource
                0x08000710       0x28 ./Libraries/XMCLib/src/xmc4_scu.o
                0x08000710                XMC_SCU_CLOCK_SetUsbClockSource
 .text.XMC_SCU_CLOCK_SetWdtClockSource
                0x08000738       0x28 ./Libraries/XMCLib/src/xmc4_scu.o
                0x08000738                XMC_SCU_CLOCK_SetWdtClockSource
 .text.XMC_SCU_CLOCK_SetSystemPllClockSource
                0x08000760       0x40 ./Libraries/XMCLib/src/xmc4_scu.o
                0x08000760                XMC_SCU_CLOCK_SetSystemPllClockSource
 .text.XMC_SCU_HIB_SetRtcClockSource
                0x080007a0       0x3c ./Libraries/XMCLib/src/xmc4_scu.o
                0x080007a0                XMC_SCU_HIB_SetRtcClockSource
 .text.XMC_SCU_HIB_SetStandbyClockSource
                0x080007dc       0x3c ./Libraries/XMCLib/src/xmc4_scu.o
                0x080007dc                XMC_SCU_HIB_SetStandbyClockSource
 .text.XMC_SCU_CLOCK_SetSystemClockDivider
                0x08000818       0x28 ./Libraries/XMCLib/src/xmc4_scu.o
                0x08000818                XMC_SCU_CLOCK_SetSystemClockDivider
 .text.XMC_SCU_CLOCK_SetCcuClockDivider
                0x08000840       0x28 ./Libraries/XMCLib/src/xmc4_scu.o
                0x08000840                XMC_SCU_CLOCK_SetCcuClockDivider
 .text.XMC_SCU_CLOCK_SetCpuClockDivider
                0x08000868       0x28 ./Libraries/XMCLib/src/xmc4_scu.o
                0x08000868                XMC_SCU_CLOCK_SetCpuClockDivider
 .text.XMC_SCU_CLOCK_SetPeripheralClockDivider
                0x08000890       0x28 ./Libraries/XMCLib/src/xmc4_scu.o
                0x08000890                XMC_SCU_CLOCK_SetPeripheralClockDivider
 .text.XMC_SCU_CLOCK_SetUsbClockDivider
                0x080008b8       0x28 ./Libraries/XMCLib/src/xmc4_scu.o
                0x080008b8                XMC_SCU_CLOCK_SetUsbClockDivider
 .text.XMC_SCU_CLOCK_SetEbuClockDivider
                0x080008e0       0x28 ./Libraries/XMCLib/src/xmc4_scu.o
                0x080008e0                XMC_SCU_CLOCK_SetEbuClockDivider
 .text.XMC_SCU_CLOCK_SetWdtClockDivider
                0x08000908       0x28 ./Libraries/XMCLib/src/xmc4_scu.o
                0x08000908                XMC_SCU_CLOCK_SetWdtClockDivider
 .text.XMC_SCU_CLOCK_EnableClock
                0x08000930       0x20 ./Libraries/XMCLib/src/xmc4_scu.o
                0x08000930                XMC_SCU_CLOCK_EnableClock
 .text.XMC_SCU_CLOCK_StartUsbPll
                0x08000950       0x74 ./Libraries/XMCLib/src/xmc4_scu.o
                0x08000950                XMC_SCU_CLOCK_StartUsbPll
 .text.XMC_SCU_CLOCK_SetBackupClockCalibrationMode
                0x080009c4       0x4c ./Libraries/XMCLib/src/xmc4_scu.o
                0x080009c4                XMC_SCU_CLOCK_SetBackupClockCalibrationMode
 .text.XMC_SCU_HIB_EnableHibernateDomain
                0x08000a10       0x58 ./Libraries/XMCLib/src/xmc4_scu.o
                0x08000a10                XMC_SCU_HIB_EnableHibernateDomain
 .text.XMC_SCU_CLOCK_IsLowPowerOscillatorStable
                0x08000a68       0x24 ./Libraries/XMCLib/src/xmc4_scu.o
                0x08000a68                XMC_SCU_CLOCK_IsLowPowerOscillatorStable
 .text.XMC_SCU_CLOCK_EnableLowPowerOscillator
                0x08000a8c       0x68 ./Libraries/XMCLib/src/xmc4_scu.o
                0x08000a8c                XMC_SCU_CLOCK_EnableLowPowerOscillator
 .text.XMC_SCU_CLOCK_EnableHighPerformanceOscillator
                0x08000af4       0x50 ./Libraries/XMCLib/src/xmc4_scu.o
                0x08000af4                XMC_SCU_CLOCK_EnableHighPerformanceOscillator
 .text.XMC_SCU_CLOCK_IsHighPerformanceOscillatorStable
                0x08000b44       0x28 ./Libraries/XMCLib/src/xmc4_scu.o
                0x08000b44                XMC_SCU_CLOCK_IsHighPerformanceOscillatorStable
 .text.XMC_SCU_CLOCK_EnableSystemPll
                0x08000b6c       0x20 ./Libraries/XMCLib/src/xmc4_scu.o
                0x08000b6c                XMC_SCU_CLOCK_EnableSystemPll
 .text.XMC_SCU_CLOCK_DisableSystemPll
                0x08000b8c       0x20 ./Libraries/XMCLib/src/xmc4_scu.o
                0x08000b8c                XMC_SCU_CLOCK_DisableSystemPll
 .text.XMC_SCU_CLOCK_StartSystemPll
                0x08000bac      0x174 ./Libraries/XMCLib/src/xmc4_scu.o
                0x08000bac                XMC_SCU_CLOCK_StartSystemPll
 .text.XMC_SCU_CLOCK_StepSystemPllFrequency
                0x08000d20       0x2c ./Libraries/XMCLib/src/xmc4_scu.o
                0x08000d20                XMC_SCU_CLOCK_StepSystemPllFrequency
 .text.XMC_CCU4_StartPrescaler
                0x08000d4c       0x20 ./Libraries/XMCLib/src/xmc_ccu4.o
 .text.XMC_CCU4_lDeassertReset
                0x08000d6c       0x60 ./Libraries/XMCLib/src/xmc_ccu4.o
 .text.XMC_CCU4_EnableModule
                0x08000dcc       0x1c ./Libraries/XMCLib/src/xmc_ccu4.o
                0x08000dcc                XMC_CCU4_EnableModule
 .text.XMC_CCU4_Init
                0x08000de8       0x3c ./Libraries/XMCLib/src/xmc_ccu4.o
                0x08000de8                XMC_CCU4_Init
 .text.XMC_CCU4_SLICE_CompareInit
                0x08000e24       0x6c ./Libraries/XMCLib/src/xmc_ccu4.o
                0x08000e24                XMC_CCU4_SLICE_CompareInit
 .text.XMC_CCU4_SLICE_SetPrescaler
                0x08000e90       0x3c ./Libraries/XMCLib/src/xmc_ccu4.o
                0x08000e90                XMC_CCU4_SLICE_SetPrescaler
 .text.XMC_CCU4_SLICE_SetInterruptNode
                0x08000ecc       0xb0 ./Libraries/XMCLib/src/xmc_ccu4.o
                0x08000ecc                XMC_CCU4_SLICE_SetInterruptNode
 .text.XMC_CCU8_StartPrescaler
                0x08000f7c       0x20 ./Libraries/XMCLib/src/xmc_ccu8.o
 .text.XMC_CCU8_SLICE_StopTimer
                0x08000f9c       0x18 ./Libraries/XMCLib/src/xmc_ccu8.o
 .text.XMC_CCU8_lDeassertReset
                0x08000fb4       0x38 ./Libraries/XMCLib/src/xmc_ccu8.o
 .text.XMC_CCU8_EnableModule
                0x08000fec       0x1c ./Libraries/XMCLib/src/xmc_ccu8.o
                0x08000fec                XMC_CCU8_EnableModule
 .text.XMC_CCU8_Init
                0x08001008       0x3c ./Libraries/XMCLib/src/xmc_ccu8.o
                0x08001008                XMC_CCU8_Init
 .text.XMC_CCU8_SLICE_CompareInit
                0x08001044       0x74 ./Libraries/XMCLib/src/xmc_ccu8.o
                0x08001044                XMC_CCU8_SLICE_CompareInit
 .text.XMC_CCU8_SLICE_StartConfig
                0x080010b8       0x5c ./Libraries/XMCLib/src/xmc_ccu8.o
                0x080010b8                XMC_CCU8_SLICE_StartConfig
 .text.XMC_CCU8_SLICE_TrapConfig
                0x08001114       0x74 ./Libraries/XMCLib/src/xmc_ccu8.o
                0x08001114                XMC_CCU8_SLICE_TrapConfig
 .text.XMC_CCU8_SLICE_ConfigureEvent
                0x08001188       0xd4 ./Libraries/XMCLib/src/xmc_ccu8.o
                0x08001188                XMC_CCU8_SLICE_ConfigureEvent
 .text.XMC_CCU8_SLICE_SetTimerPeriodMatch
                0x0800125c       0x1c ./Libraries/XMCLib/src/xmc_ccu8.o
                0x0800125c                XMC_CCU8_SLICE_SetTimerPeriodMatch
 .text.XMC_CCU8_SLICE_SetTimerCompareMatch
                0x08001278       0x30 ./Libraries/XMCLib/src/xmc_ccu8.o
                0x08001278                XMC_CCU8_SLICE_SetTimerCompareMatch
 .text.XMC_CCU8_SLICE_DeadTimeInit
                0x080012a8       0x2c ./Libraries/XMCLib/src/xmc_ccu8.o
                0x080012a8                XMC_CCU8_SLICE_DeadTimeInit
 .text.XMC_CCU8_SLICE_ConfigureStatusBitOutput
                0x080012d4       0x30 ./Libraries/XMCLib/src/xmc_ccu8.o
                0x080012d4                XMC_CCU8_SLICE_ConfigureStatusBitOutput
 .text.XMC_DAC_CH_EnableOutput
                0x08001304       0x30 ./Libraries/XMCLib/src/xmc_dac.o
 .text.XMC_DAC_CH_EnablePatternSignOutput
                0x08001334       0x30 ./Libraries/XMCLib/src/xmc_dac.o
 .text.XMC_DAC_CH_DisablePatternSignOutput
                0x08001364       0x30 ./Libraries/XMCLib/src/xmc_dac.o
 .text.XMC_DAC_CH_SetRampStart
                0x08001394       0x28 ./Libraries/XMCLib/src/xmc_dac.o
 .text.XMC_DAC_CH_SetRampStop
                0x080013bc       0x3c ./Libraries/XMCLib/src/xmc_dac.o
 .text.XMC_DAC_CH_SetTrigger
                0x080013f8       0x34 ./Libraries/XMCLib/src/xmc_dac.o
 .text.XMC_DAC_CH_SetMode
                0x0800142c       0x34 ./Libraries/XMCLib/src/xmc_dac.o
 .text.XMC_DAC_Enable
                0x08001460       0x18 ./Libraries/XMCLib/src/xmc_dac.o
                0x08001460                XMC_DAC_Enable
 .text.XMC_DAC_CH_Init
                0x08001478       0x48 ./Libraries/XMCLib/src/xmc_dac.o
                0x08001478                XMC_DAC_CH_Init
 .text.XMC_DAC_CH_SetFrequency
                0x080014c0       0x60 ./Libraries/XMCLib/src/xmc_dac.o
                0x080014c0                XMC_DAC_CH_SetFrequency
 .text.XMC_DAC_CH_SetRampFrequency
                0x08001520       0x50 ./Libraries/XMCLib/src/xmc_dac.o
                0x08001520                XMC_DAC_CH_SetRampFrequency
 .text.XMC_DAC_CH_StartSingleValueMode
                0x08001570       0x24 ./Libraries/XMCLib/src/xmc_dac.o
                0x08001570                XMC_DAC_CH_StartSingleValueMode
 .text.XMC_DAC_CH_StartDataMode
                0x08001594       0x60 ./Libraries/XMCLib/src/xmc_dac.o
                0x08001594                XMC_DAC_CH_StartDataMode
 .text.XMC_DAC_CH_StartRampMode
                0x080015f4       0x88 ./Libraries/XMCLib/src/xmc_dac.o
                0x080015f4                XMC_DAC_CH_StartRampMode
 .text.XMC_DAC_CH_StartPatternMode
                0x0800167c       0x90 ./Libraries/XMCLib/src/xmc_dac.o
                0x0800167c                XMC_DAC_CH_StartPatternMode
 .text.XMC_DAC_CH_StartNoiseMode
                0x0800170c       0x60 ./Libraries/XMCLib/src/xmc_dac.o
                0x0800170c                XMC_DAC_CH_StartNoiseMode
 .text.XMC_DAC_CH_SetPattern
                0x0800176c       0xa0 ./Libraries/XMCLib/src/xmc_dac.o
                0x0800176c                XMC_DAC_CH_SetPattern
 .text.XMC_GPIO_SetHardwareControl
                0x0800180c       0x44 ./Libraries/XMCLib/src/xmc_gpio.o
                0x0800180c                XMC_GPIO_SetHardwareControl
 .text.XMC_SPI_CH_ClearStatusFlag
                0x08001850       0x20 ./Libraries/XMCLib/src/xmc_spi.o
 .text.XMC_SPI_CH_Init
                0x08001870       0x68 ./Libraries/XMCLib/src/xmc_spi.o
                0x08001870                XMC_SPI_CH_Init
 .text.XMC_SPI_CH_EnableSlaveSelect
                0x080018d8       0x2c ./Libraries/XMCLib/src/xmc_spi.o
                0x080018d8                XMC_SPI_CH_EnableSlaveSelect
 .text.XMC_SPI_CH_DisableSlaveSelect
                0x08001904       0x24 ./Libraries/XMCLib/src/xmc_spi.o
                0x08001904                XMC_SPI_CH_DisableSlaveSelect
 .text.XMC_SPI_CH_GetReceivedData
                0x08001928       0x34 ./Libraries/XMCLib/src/xmc_spi.o
                0x08001928                XMC_SPI_CH_GetReceivedData
 .text.XMC_USIC_CH_GetTransmitBufferStatus
                0x0800195c       0x20 ./Libraries/XMCLib/src/xmc_uart.o
 .text.XMC_UART_CH_ClearStatusFlag
                0x0800197c       0x1c ./Libraries/XMCLib/src/xmc_uart.o
 .text.XMC_UART_CH_Init
                0x08001998       0xac ./Libraries/XMCLib/src/xmc_uart.o
                0x08001998                XMC_UART_CH_Init
 .text.XMC_UART_CH_Transmit
                0x08001a44       0x4c ./Libraries/XMCLib/src/xmc_uart.o
                0x08001a44                XMC_UART_CH_Transmit
 .text.XMC_UART_CH_GetReceivedData
                0x08001a90       0x34 ./Libraries/XMCLib/src/xmc_uart.o
                0x08001a90                XMC_UART_CH_GetReceivedData
 .text.XMC_USIC_CH_Enable
                0x08001ac4       0x98 ./Libraries/XMCLib/src/xmc_usic.o
                0x08001ac4                XMC_USIC_CH_Enable
 .text.XMC_USIC_CH_SetBaudrate
                0x08001b5c       0xe0 ./Libraries/XMCLib/src/xmc_usic.o
                0x08001b5c                XMC_USIC_CH_SetBaudrate
 .text.XMC_USIC_CH_TXFIFO_Configure
                0x08001c3c       0x50 ./Libraries/XMCLib/src/xmc_usic.o
                0x08001c3c                XMC_USIC_CH_TXFIFO_Configure
 .text.XMC_USIC_CH_RXFIFO_Configure
                0x08001c8c       0x54 ./Libraries/XMCLib/src/xmc_usic.o
                0x08001c8c                XMC_USIC_CH_RXFIFO_Configure
 .text.XMC_USIC_CH_RXFIFO_SetSizeTriggerLimit
                0x08001ce0       0x44 ./Libraries/XMCLib/src/xmc_usic.o
                0x08001ce0                XMC_USIC_CH_RXFIFO_SetSizeTriggerLimit
 .text.XMC_USIC_CH_SetInterruptNodePointer
                0x08001d24       0x38 ./Libraries/XMCLib/src/xmc_usic.o
                0x08001d24                XMC_USIC_CH_SetInterruptNodePointer
 .text.XMC_USIC_Enable
                0x08001d5c       0x54 ./Libraries/XMCLib/src/xmc_usic.o
                0x08001d5c                XMC_USIC_Enable
 .text.XMC_VADC_GROUP_ExternalMuxControlInit
                0x08001db0       0x6c ./Libraries/XMCLib/src/xmc_vadc.o
 .text.XMC_VADC_GROUP_QueueEnableArbitrationSlot
                0x08001e1c       0x24 ./Libraries/XMCLib/src/xmc_vadc.o
 .text.XMC_VADC_GROUP_QueueDisableArbitrationSlot
                0x08001e40       0x24 ./Libraries/XMCLib/src/xmc_vadc.o
 .text.XMC_VADC_GLOBAL_EnableModule
                0x08001e64        0xc ./Libraries/XMCLib/src/xmc_vadc.o
                0x08001e64                XMC_VADC_GLOBAL_EnableModule
 .text.XMC_VADC_GLOBAL_Init
                0x08001e70       0x54 ./Libraries/XMCLib/src/xmc_vadc.o
                0x08001e70                XMC_VADC_GLOBAL_Init
 .text.XMC_VADC_GLOBAL_StartupCalibration
                0x08001ec4       0x60 ./Libraries/XMCLib/src/xmc_vadc.o
                0x08001ec4                XMC_VADC_GLOBAL_StartupCalibration
 .text.XMC_VADC_GROUP_Init
                0x08001f24       0x68 ./Libraries/XMCLib/src/xmc_vadc.o
                0x08001f24                XMC_VADC_GROUP_Init
 .text.XMC_VADC_GROUP_InputClassInit
                0x08001f8c       0xb8 ./Libraries/XMCLib/src/xmc_vadc.o
                0x08001f8c                XMC_VADC_GROUP_InputClassInit
 .text.XMC_VADC_GROUP_SetPowerMode
                0x08002044       0x38 ./Libraries/XMCLib/src/xmc_vadc.o
                0x08002044                XMC_VADC_GROUP_SetPowerMode
 .text.XMC_VADC_GROUP_SetSyncSlave
                0x0800207c       0x44 ./Libraries/XMCLib/src/xmc_vadc.o
                0x0800207c                XMC_VADC_GROUP_SetSyncSlave
 .text.XMC_VADC_GROUP_SetSyncMaster
                0x080020c0       0x2c ./Libraries/XMCLib/src/xmc_vadc.o
                0x080020c0                XMC_VADC_GROUP_SetSyncMaster
 .text.XMC_VADC_GROUP_CheckSlaveReadiness
                0x080020ec       0x68 ./Libraries/XMCLib/src/xmc_vadc.o
                0x080020ec                XMC_VADC_GROUP_CheckSlaveReadiness
 .text.XMC_VADC_GROUP_QueueInit
                0x08002154       0x9c ./Libraries/XMCLib/src/xmc_vadc.o
                0x08002154                XMC_VADC_GROUP_QueueInit
 .text.XMC_VADC_GROUP_QueueSetReqSrcEventInterruptNode
                0x080021f0       0x38 ./Libraries/XMCLib/src/xmc_vadc.o
                0x080021f0                XMC_VADC_GROUP_QueueSetReqSrcEventInterruptNode
 .text.XMC_VADC_GROUP_ChannelInit
                0x08002228       0xc8 ./Libraries/XMCLib/src/xmc_vadc.o
                0x08002228                XMC_VADC_GROUP_ChannelInit
 .text.XMC_VADC_GROUP_SetResultInterruptNode
                0x080022f0       0x90 ./Libraries/XMCLib/src/xmc_vadc.o
                0x080022f0                XMC_VADC_GROUP_SetResultInterruptNode
 .text._init    0x08002380        0xc ./Libraries/Newlib/syscalls.o
                0x08002380                _init
 .text.XMC_USIC_CH_EnableEvent
                0x0800238c       0x20 ./Dave/Generated/UART/uart.o
 .text.XMC_USIC_CH_DisableEvent
                0x080023ac       0x24 ./Dave/Generated/UART/uart.o
 .text.XMC_USIC_CH_GetTransmitBufferStatus
                0x080023d0       0x20 ./Dave/Generated/UART/uart.o
 .text.XMC_USIC_CH_TriggerServiceRequest
                0x080023f0       0x20 ./Dave/Generated/UART/uart.o
 .text.XMC_USIC_CH_TXFIFO_EnableEvent
                0x08002410       0x24 ./Dave/Generated/UART/uart.o
 .text.XMC_USIC_CH_TXFIFO_DisableEvent
                0x08002434       0x28 ./Dave/Generated/UART/uart.o
 .text.XMC_USIC_CH_TXFIFO_Flush
                0x0800245c       0x1c ./Dave/Generated/UART/uart.o
 .text.XMC_USIC_CH_TXFIFO_IsFull
                0x08002478       0x28 ./Dave/Generated/UART/uart.o
 .text.XMC_USIC_CH_TXFIFO_IsEmpty
                0x080024a0       0x28 ./Dave/Generated/UART/uart.o
 .text.XMC_USIC_CH_RXFIFO_EnableEvent
                0x080024c8       0x24 ./Dave/Generated/UART/uart.o
 .text.XMC_USIC_CH_RXFIFO_DisableEvent
                0x080024ec       0x28 ./Dave/Generated/UART/uart.o
 .text.XMC_USIC_CH_RXFIFO_Flush
                0x08002514       0x1c ./Dave/Generated/UART/uart.o
 .text.XMC_USIC_CH_RXFIFO_IsEmpty
                0x08002530       0x28 ./Dave/Generated/UART/uart.o
 .text.UART_Init
                0x08002558       0x24 ./Dave/Generated/UART/uart.o
                0x08002558                UART_Init
 .text.UART_Transmit
                0x0800257c       0x38 ./Dave/Generated/UART/uart.o
                0x0800257c                UART_Transmit
 .text.UART_Receive
                0x080025b4       0x38 ./Dave/Generated/UART/uart.o
                0x080025b4                UART_Receive
 .text.UART_StartTransmitIRQ
                0x080025ec       0xb8 ./Dave/Generated/UART/uart.o
                0x080025ec                UART_StartTransmitIRQ
 .text.UART_StartReceiveIRQ
                0x080026a4       0xac ./Dave/Generated/UART/uart.o
                0x080026a4                UART_StartReceiveIRQ
 .text.UART_lTransmitHandler
                0x08002750      0x10c ./Dave/Generated/UART/uart.o
                0x08002750                UART_lTransmitHandler
 .text.UART_lReceiveHandler
                0x0800285c      0x120 ./Dave/Generated/UART/uart.o
                0x0800285c                UART_lReceiveHandler
 .text.UART_lReconfigureRxFIFO
                0x0800297c       0x50 ./Dave/Generated/UART/uart.o
 .text.__NVIC_GetPriorityGrouping
                0x080029cc       0x1c ./Dave/Generated/UART/uart_conf.o
 .text.__NVIC_EnableIRQ
                0x080029e8       0x38 ./Dave/Generated/UART/uart_conf.o
 .text.__NVIC_SetPriority
                0x08002a20       0x54 ./Dave/Generated/UART/uart_conf.o
 .text.NVIC_EncodePriority
                0x08002a74       0x64 ./Dave/Generated/UART/uart_conf.o
 .text.XMC_USIC_CH_SetInputSource
                0x08002ad8       0x3c ./Dave/Generated/UART/uart_conf.o
 .text.XMC_UART_CH_Start
                0x08002b14       0x24 ./Dave/Generated/UART/uart_conf.o
 .text.UART_0_init
                0x08002b38       0xb0 ./Dave/Generated/UART/uart_conf.o
                0x08002b38                UART_0_init
 .text.USIC1_1_IRQHandler
                0x08002be8       0x10 ./Dave/Generated/UART/uart_conf.o
                0x08002be8                USIC1_1_IRQHandler
 .text.USIC1_0_IRQHandler
                0x08002bf8       0x10 ./Dave/Generated/UART/uart_conf.o
                0x08002bf8                USIC1_0_IRQHandler
 .text.XMC_CCU4_EnableClock
                0x08002c08       0x28 ./Dave/Generated/TIMER/timer.o
 .text.XMC_CCU4_SLICE_IsTimerRunning
                0x08002c30       0x28 ./Dave/Generated/TIMER/timer.o
 .text.XMC_CCU4_SLICE_StartTimer
                0x08002c58       0x18 ./Dave/Generated/TIMER/timer.o
 .text.XMC_CCU4_SLICE_StopTimer
                0x08002c70       0x18 ./Dave/Generated/TIMER/timer.o
 .text.XMC_CCU4_SLICE_ClearTimer
                0x08002c88       0x18 ./Dave/Generated/TIMER/timer.o
 .text.XMC_CCU4_SLICE_SetTimerPeriodMatch
                0x08002ca0       0x1c ./Dave/Generated/TIMER/timer.o
 .text.XMC_CCU4_SLICE_SetTimerCompareMatch
                0x08002cbc       0x1c ./Dave/Generated/TIMER/timer.o
 .text.XMC_CCU4_EnableShadowTransfer
                0x08002cd8       0x1c ./Dave/Generated/TIMER/timer.o
 .text.XMC_CCU4_SLICE_EnableEvent
                0x08002cf4       0x2c ./Dave/Generated/TIMER/timer.o
 .text.TIMER_Init
                0x08002d20       0x3c ./Dave/Generated/TIMER/timer.o
                0x08002d20                TIMER_Init
 .text.TIMER_Start
                0x08002d5c       0x3c ./Dave/Generated/TIMER/timer.o
                0x08002d5c                TIMER_Start
 .text.TIMER_Stop
                0x08002d98       0x48 ./Dave/Generated/TIMER/timer.o
                0x08002d98                TIMER_Stop
 .text.TIMER_GetTimerStatus
                0x08002de0       0x30 ./Dave/Generated/TIMER/timer.o
                0x08002de0                TIMER_GetTimerStatus
 .text.TIMER_SetTimeInterval
                0x08002e10      0x128 ./Dave/Generated/TIMER/timer.o
                0x08002e10                TIMER_SetTimeInterval
 .text.TIMER_CCU4_lInit
                0x08002f38       0x98 ./Dave/Generated/TIMER/timer.o
                0x08002f38                TIMER_CCU4_lInit
 .text.TIMER_CCU4_lShadowTransfer
                0x08002fd0       0x3c ./Dave/Generated/TIMER/timer.o
                0x08002fd0                TIMER_CCU4_lShadowTransfer
 .text.__NVIC_GetPriorityGrouping
                0x0800300c       0x1c ./Dave/Generated/SYSTIMER/systimer.o
 .text.__NVIC_SetPriority
                0x08003028       0x54 ./Dave/Generated/SYSTIMER/systimer.o
 .text.NVIC_EncodePriority
                0x0800307c       0x64 ./Dave/Generated/SYSTIMER/systimer.o
 .text.SysTick_Config
                0x080030e0       0x44 ./Dave/Generated/SYSTIMER/systimer.o
 .text.SYSTIMER_lInsertTimerList
                0x08003124      0x1c4 ./Dave/Generated/SYSTIMER/systimer.o
 .text.SYSTIMER_lRemoveTimerList
                0x080032e8       0xc0 ./Dave/Generated/SYSTIMER/systimer.o
 .text.SYSTIMER_lTimerHandler
                0x080033a8       0xcc ./Dave/Generated/SYSTIMER/systimer.o
 .text.SysTick_Handler
                0x08003474       0x48 ./Dave/Generated/SYSTIMER/systimer.o
                0x08003474                SysTick_Handler
 .text.SYSTIMER_Init
                0x080034bc       0x70 ./Dave/Generated/SYSTIMER/systimer.o
                0x080034bc                SYSTIMER_Init
 .text.SYSTIMER_CreateTimer
                0x0800352c      0x13c ./Dave/Generated/SYSTIMER/systimer.o
                0x0800352c                SYSTIMER_CreateTimer
 .text.SYSTIMER_StartTimer
                0x08003668       0x80 ./Dave/Generated/SYSTIMER/systimer.o
                0x08003668                SYSTIMER_StartTimer
 .text.XMC_USIC_CH_WriteToTBUFTCI
                0x080036e8       0x24 ./Dave/Generated/SPI_MASTER/spi_master.o
 .text.XMC_USIC_CH_GetTransmitBufferStatus
                0x0800370c       0x20 ./Dave/Generated/SPI_MASTER/spi_master.o
 .text.XMC_USIC_CH_GetReceiveBufferStatus
                0x0800372c       0x1c ./Dave/Generated/SPI_MASTER/spi_master.o
 .text.XMC_USIC_CH_TXFIFO_PutDataHPCMode
                0x08003748       0x24 ./Dave/Generated/SPI_MASTER/spi_master.o
 .text.XMC_USIC_CH_TXFIFO_Flush
                0x0800376c       0x1c ./Dave/Generated/SPI_MASTER/spi_master.o
 .text.XMC_USIC_CH_TXFIFO_IsFull
                0x08003788       0x28 ./Dave/Generated/SPI_MASTER/spi_master.o
 .text.XMC_USIC_CH_RXFIFO_Flush
                0x080037b0       0x1c ./Dave/Generated/SPI_MASTER/spi_master.o
 .text.XMC_USIC_CH_RXFIFO_IsEmpty
                0x080037cc       0x28 ./Dave/Generated/SPI_MASTER/spi_master.o
 .text.XMC_USIC_CH_RXFIFO_ClearEvent
                0x080037f4       0x1c ./Dave/Generated/SPI_MASTER/spi_master.o
 .text.XMC_SPI_CH_SetTransmitMode
                0x08003810       0x2c ./Dave/Generated/SPI_MASTER/spi_master.o
 .text.XMC_SPI_CH_GetStatusFlag
                0x0800383c       0x18 ./Dave/Generated/SPI_MASTER/spi_master.o
 .text.XMC_SPI_CH_ClearStatusFlag
                0x08003854       0x20 ./Dave/Generated/SPI_MASTER/spi_master.o
 .text.SPI_MASTER_Init
                0x08003874       0x20 ./Dave/Generated/SPI_MASTER/spi_master.o
                0x08003874                SPI_MASTER_Init
 .text.SPI_MASTER_Transmit
                0x08003894       0x34 ./Dave/Generated/SPI_MASTER/spi_master.o
                0x08003894                SPI_MASTER_Transmit
 .text.SPI_MASTER_lStartTransmitPolling
                0x080038c8      0x21c ./Dave/Generated/SPI_MASTER/spi_master.o
 .text.SPI_MASTER_Transfer
                0x08003ae4       0xb8 ./Dave/Generated/SPI_MASTER/spi_master.o
                0x08003ae4                SPI_MASTER_Transfer
 .text.SPI_MASTER_lReceivePolling
                0x08003b9c      0x400 ./Dave/Generated/SPI_MASTER/spi_master.o
 .text.SPI_MASTER_lStdRBUFFlush
                0x08003f9c       0x1c ./Dave/Generated/SPI_MASTER/spi_master.o
 .text.XMC_USIC_CH_SetInputSource
                0x08003fb8       0x3c ./Dave/Generated/SPI_MASTER/spi_master_conf.o
 .text.XMC_USIC_CH_SetWordLength
                0x08003ff4       0x2c ./Dave/Generated/SPI_MASTER/spi_master_conf.o
 .text.XMC_USIC_CH_SetFrameLength
                0x08004020       0x2c ./Dave/Generated/SPI_MASTER/spi_master_conf.o
 .text.XMC_USIC_CH_ConfigureShiftClockOutput
                0x0800404c       0x2c ./Dave/Generated/SPI_MASTER/spi_master_conf.o
 .text.XMC_USIC_CH_SetMode
                0x08004078       0x28 ./Dave/Generated/SPI_MASTER/spi_master_conf.o
 .text.XMC_SPI_CH_Start
                0x080040a0       0x18 ./Dave/Generated/SPI_MASTER/spi_master_conf.o
 .text.XMC_SPI_CH_SetBitOrderMsbFirst
                0x080040b8       0x20 ./Dave/Generated/SPI_MASTER/spi_master_conf.o
 .text.XMC_SPI_CH_SetSlaveSelectDelay
                0x080040d8       0x2c ./Dave/Generated/SPI_MASTER/spi_master_conf.o
 .text.XMC_SPI_CH_ConfigureShiftClockOutput
                0x08004104       0x1c ./Dave/Generated/SPI_MASTER/spi_master_conf.o
 .text.XMC_SPI_CH_SetWordLength
                0x08004120       0x1c ./Dave/Generated/SPI_MASTER/spi_master_conf.o
 .text.XMC_SPI_CH_SetFrameLength
                0x0800413c       0x1c ./Dave/Generated/SPI_MASTER/spi_master_conf.o
 .text.XMC_SPI_CH_SetInputSource
                0x08004158       0x44 ./Dave/Generated/SPI_MASTER/spi_master_conf.o
 .text.SPI_enkoder_lInit
                0x0800419c       0xd4 ./Dave/Generated/SPI_MASTER/spi_master_conf.o
 .text.XMC_CCU8_EnableClock
                0x08004270       0x28 ./Dave/Generated/PWM_SVM/pwm_svm.o
 .text.XMC_CCU8_SLICE_EnableTrap
                0x08004298       0x24 ./Dave/Generated/PWM_SVM/pwm_svm.o
 .text.XMC_CCU8_EnableShadowTransfer
                0x080042bc       0x1c ./Dave/Generated/PWM_SVM/pwm_svm.o
 .text.XMC_CCU8_SLICE_SetTimerValue
                0x080042d8       0x1c ./Dave/Generated/PWM_SVM/pwm_svm.o
 .text.XMC_CCU8_SLICE_EnableEvent
                0x080042f4       0x2c ./Dave/Generated/PWM_SVM/pwm_svm.o
 .text.XMC_CCU8_SLICE_ClearEvent
                0x08004320       0x2c ./Dave/Generated/PWM_SVM/pwm_svm.o
 .text.XMC_SCU_SetCcuTriggerHigh
                0x0800434c       0x24 ./Dave/Generated/PWM_SVM/pwm_svm.o
 .text.XMC_SCU_SetCcuTriggerLow
                0x08004370       0x24 ./Dave/Generated/PWM_SVM/pwm_svm.o
 .text.XMC_GPIO_SetOutputHigh
                0x08004394       0x20 ./Dave/Generated/PWM_SVM/pwm_svm.o
 .text.XMC_GPIO_SetOutputLow
                0x080043b4       0x24 ./Dave/Generated/PWM_SVM/pwm_svm.o
 .text.PWM_SVM_lEnableEvent
                0x080043d8       0x44 ./Dave/Generated/PWM_SVM/pwm_svm.o
                0x080043d8                PWM_SVM_lEnableEvent
 .text.PWM_SVM_InverterDisable
                0x0800441c       0x4c ./Dave/Generated/PWM_SVM/pwm_svm.o
                0x0800441c                PWM_SVM_InverterDisable
 .text.PWM_SVM_InverterEnable
                0x08004468       0x4c ./Dave/Generated/PWM_SVM/pwm_svm.o
                0x08004468                PWM_SVM_InverterEnable
 .text.PWM_SVM_lCurrentTrigSliceInit
                0x080044b4      0x158 ./Dave/Generated/PWM_SVM/pwm_svm.o
                0x080044b4                PWM_SVM_lCurrentTrigSliceInit
 .text.PWM_SVM_Init
                0x0800460c      0x2a4 ./Dave/Generated/PWM_SVM/pwm_svm.o
                0x0800460c                PWM_SVM_Init
 .text.PWM_SVM_Start
                0x080048b0      0x294 ./Dave/Generated/PWM_SVM/pwm_svm.o
                0x080048b0                PWM_SVM_Start
 .text.MOTOR_LIB_abs
                0x08004b44       0x28 ./Dave/Generated/MOTOR_LIB/motor_lib.o
 .text.MOTOR_LIB_Car2Pol
                0x08004b6c      0x124 ./Dave/Generated/MOTOR_LIB/motor_lib.o
                0x08004b6c                MOTOR_LIB_Car2Pol
 .text.MOTOR_LIB_ParkTransform
                0x08004c90      0x12c ./Dave/Generated/MOTOR_LIB/motor_lib.o
                0x08004c90                MOTOR_LIB_ParkTransform
 .text.MOTOR_LIB_IParkTransform
                0x08004dbc      0x12c ./Dave/Generated/MOTOR_LIB/motor_lib.o
                0x08004dbc                MOTOR_LIB_IParkTransform
 .text.MOTOR_LIB_ClarkTransform
                0x08004ee8       0x3c ./Dave/Generated/MOTOR_LIB/motor_lib.o
                0x08004ee8                MOTOR_LIB_ClarkTransform
 .text.__NVIC_GetPriorityGrouping
                0x08004f24       0x1c ./Dave/Generated/INTERRUPT/interrupt.o
 .text.__NVIC_EnableIRQ
                0x08004f40       0x38 ./Dave/Generated/INTERRUPT/interrupt.o
 .text.__NVIC_SetPriority
                0x08004f78       0x54 ./Dave/Generated/INTERRUPT/interrupt.o
 .text.NVIC_EncodePriority
                0x08004fcc       0x64 ./Dave/Generated/INTERRUPT/interrupt.o
 .text.INTERRUPT_Enable
                0x08005030       0x1c ./Dave/Generated/INTERRUPT/interrupt.o
 .text.INTERRUPT_Init
                0x0800504c       0x4c ./Dave/Generated/INTERRUPT/interrupt.o
                0x0800504c                INTERRUPT_Init
 .text.XMC_CCU8_StartPrescaler
                0x08005098       0x20 ./Dave/Generated/GLOBAL_CCU8/global_ccu8.o
 .text.GLOBAL_CCU8_Init
                0x080050b8       0x40 ./Dave/Generated/GLOBAL_CCU8/global_ccu8.o
                0x080050b8                GLOBAL_CCU8_Init
 .text.XMC_CCU4_StartPrescaler
                0x080050f8       0x20 ./Dave/Generated/GLOBAL_CCU4/global_ccu4.o
 .text.GLOBAL_CCU4_Init
                0x08005118       0x40 ./Dave/Generated/GLOBAL_CCU4/global_ccu4.o
                0x08005118                GLOBAL_CCU4_Init
 .text.XMC_VADC_GLOBAL_DisablePostCalibration
                0x08005158       0x2c ./Dave/Generated/GLOBAL_ADC/global_adc.o
 .text.GLOBAL_ADC_Init
                0x08005184       0xb0 ./Dave/Generated/GLOBAL_ADC/global_adc.o
                0x08005184                GLOBAL_ADC_Init
 .text.DIGITAL_IO_Init
                0x08005234       0x40 ./Dave/Generated/DIGITAL_IO/digital_io.o
                0x08005234                DIGITAL_IO_Init
 .text.XMC_DAC_EnableSimultaneousDataMode
                0x08005274       0x20 ./Dave/Generated/DAC/dac.o
 .text.XMC_DAC_CH_Write
                0x08005294       0x28 ./Dave/Generated/DAC/dac.o
 .text.XMC_DAC_CH_SetMode
                0x080052bc       0x34 ./Dave/Generated/DAC/dac.o
 .text.XMC_DAC_CH_EnableEvent
                0x080052f0       0x30 ./Dave/Generated/DAC/dac.o
 .text.XMC_DAC_CH_SetOutputScale
                0x08005320       0x38 ./Dave/Generated/DAC/dac.o
 .text.DAC_ModeConfig
                0x08005358      0x158 ./Dave/Generated/DAC/dac.o
                0x08005358                DAC_ModeConfig
 .text.DAC_Init
                0x080054b0       0x74 ./Dave/Generated/DAC/dac.o
                0x080054b0                DAC_Init
 .text.__NVIC_SetPriorityGrouping
                0x08005524       0x48 ./Dave/Generated/CPU_CTRL_XMC4/cpu_ctrl_xmc4_conf.o
 .text.SystemCoreSetup
                0x0800556c       0xa0 ./Dave/Generated/CPU_CTRL_XMC4/cpu_ctrl_xmc4_conf.o
                0x0800556c                SystemCoreSetup
 .text.CLOCK_XMC4_Init
                0x0800560c       0x20 ./Dave/Generated/CLOCK_XMC4/clock_xmc4.o
                0x0800560c                CLOCK_XMC4_Init
 .text.OSCHP_GetFrequency
                0x0800562c       0x14 ./Dave/Generated/CLOCK_XMC4/clock_xmc4.o
                0x0800562c                OSCHP_GetFrequency
 .text.SystemCoreClockSetup
                0x08005640       0x54 ./Dave/Generated/CLOCK_XMC4/clock_xmc4_conf.o
                0x08005640                SystemCoreClockSetup
 .text.__NVIC_GetPriorityGrouping
                0x08005694       0x1c ./Dave/Generated/ADC_QUEUE/adc_queue.o
 .text.__NVIC_EnableIRQ
                0x080056b0       0x38 ./Dave/Generated/ADC_QUEUE/adc_queue.o
 .text.__NVIC_SetPriority
                0x080056e8       0x54 ./Dave/Generated/ADC_QUEUE/adc_queue.o
 .text.NVIC_EncodePriority
                0x0800573c       0x64 ./Dave/Generated/ADC_QUEUE/adc_queue.o
 .text.XMC_VADC_GROUP_QueueSetGatingMode
                0x080057a0       0x38 ./Dave/Generated/ADC_QUEUE/adc_queue.o
 .text.XMC_VADC_GROUP_QueueFlushEntries
                0x080057d8       0x34 ./Dave/Generated/ADC_QUEUE/adc_queue.o
 .text.XMC_VADC_GROUP_QueueInsertChannel
                0x0800580c       0x1c ./Dave/Generated/ADC_QUEUE/adc_queue.o
 .text.XMC_VADC_GROUP_QueueClearReqSrcEvent
                0x08005828       0x1c ./Dave/Generated/ADC_QUEUE/adc_queue.o
 .text.ADC_QUEUE_ResetListContents
                0x08005844       0x50 ./Dave/Generated/ADC_QUEUE/adc_queue.o
                0x08005844                ADC_QUEUE_ResetListContents
 .text.ADC_QUEUE_Init
                0x08005894       0xcc ./Dave/Generated/ADC_QUEUE/adc_queue.o
                0x08005894                ADC_QUEUE_Init
 .text.ADC_QUEUE_InsertQueueEntry
                0x08005960       0xe8 ./Dave/Generated/ADC_QUEUE/adc_queue.o
                0x08005960                ADC_QUEUE_InsertQueueEntry
 .text.ADC_QUEUE_AllEntriesInserted
                0x08005a48       0xac ./Dave/Generated/ADC_QUEUE/adc_queue.o
                0x08005a48                ADC_QUEUE_AllEntriesInserted
 .text.ADC_QUEUE_ReqSrcEventHandler
                0x08005af4       0x4c ./Dave/Generated/ADC_QUEUE/adc_queue.o
                0x08005af4                ADC_QUEUE_ReqSrcEventHandler
 .text.VADC0_G0_1_IRQHandler
                0x08005b40       0x10 ./Dave/Generated/ADC_QUEUE/adc_queue_conf.o
                0x08005b40                VADC0_G0_1_IRQHandler
 .text.VADC0_G1_3_IRQHandler
                0x08005b50       0x10 ./Dave/Generated/ADC_QUEUE/adc_queue_conf.o
                0x08005b50                VADC0_G1_3_IRQHandler
 .text.VADC0_G2_0_IRQHandler
                0x08005b60       0x10 ./Dave/Generated/ADC_QUEUE/adc_queue_conf.o
                0x08005b60                VADC0_G2_0_IRQHandler
 .text.ADC_QUEUE_lInitializeListToDefaults
                0x08005b70       0x58 ./Dave/Generated/ADC_QUEUE/adc_queue_conf.o
                0x08005b70                ADC_QUEUE_lInitializeListToDefaults
 .text.XMC_VADC_GROUP_QueueEnableArbitrationSlot
                0x08005bc8       0x24 ./Dave/Generated/ADC_MEASUREMENT_ADV/adc_measurement_adv.o
 .text.XMC_VADC_GROUP_QueueDisableArbitrationSlot
                0x08005bec       0x24 ./Dave/Generated/ADC_MEASUREMENT_ADV/adc_measurement_adv.o
 .text.XMC_VADC_GROUP_QueueIsArbitrationSlotEnabled
                0x08005c10       0x2c ./Dave/Generated/ADC_MEASUREMENT_ADV/adc_measurement_adv.o
 .text.XMC_VADC_GROUP_ResultInit
                0x08005c3c       0x24 ./Dave/Generated/ADC_MEASUREMENT_ADV/adc_measurement_adv.o
 .text.ADC_MEASUREMENT_ADV_lInsertEntry
                0x08005c60       0x2c ./Dave/Generated/ADC_MEASUREMENT_ADV/adc_measurement_adv.o
 .text.ADC_MEASUREMENT_ADV_lRequestSrcInit
                0x08005c8c       0x20 ./Dave/Generated/ADC_MEASUREMENT_ADV/adc_measurement_adv.o
 .text.ADC_MEASUREMENT_ADV_lArbitrationStatus
                0x08005cac       0x58 ./Dave/Generated/ADC_MEASUREMENT_ADV/adc_measurement_adv.o
 .text.ADC_MEASUREMENT_ADV_lDisableArbitration
                0x08005d04       0x34 ./Dave/Generated/ADC_MEASUREMENT_ADV/adc_measurement_adv.o
 .text.ADC_MEASUREMENT_ADV_lInsertChannels
                0x08005d38       0x18 ./Dave/Generated/ADC_MEASUREMENT_ADV/adc_measurement_adv.o
                0x08005d38                ADC_MEASUREMENT_ADV_lInsertChannels
 .text.ADC_MEASUREMENT_ADV_lSyncADCClocks
                0x08005d50       0x7c ./Dave/Generated/ADC_MEASUREMENT_ADV/adc_measurement_adv.o
                0x08005d50                ADC_MEASUREMENT_ADV_lSyncADCClocks
 .text.ADC_MEASUREMENT_ADV_StartADC
                0x08005dcc       0x24 ./Dave/Generated/ADC_MEASUREMENT_ADV/adc_measurement_adv.o
                0x08005dcc                ADC_MEASUREMENT_ADV_StartADC
 .text.ADC_MEASUREMENT_ADC_lNvicEnable
                0x08005df0       0x14 ./Dave/Generated/ADC_MEASUREMENT_ADV/adc_measurement_adv.o
                0x08005df0                ADC_MEASUREMENT_ADC_lNvicEnable
 .text.ADC_MEASUREMENT_ADC_lResultInit
                0x08005e04       0x38 ./Dave/Generated/ADC_MEASUREMENT_ADV/adc_measurement_adv.o
 .text.ADC_MEASUREMENT_ADV_Init
                0x08005e3c       0xd8 ./Dave/Generated/ADC_MEASUREMENT_ADV/adc_measurement_adv.o
                0x08005e3c                ADC_MEASUREMENT_ADV_Init
 .text.ADC_U_event_config
                0x08005f14       0x14 ./Dave/Generated/ADC_MEASUREMENT_ADV/adc_measurement_adv_conf.o
 .text.ADC_V_event_config
                0x08005f28       0x14 ./Dave/Generated/ADC_MEASUREMENT_ADV/adc_measurement_adv_conf.o
 .text.ADC_W_event_config
                0x08005f3c       0x14 ./Dave/Generated/ADC_MEASUREMENT_ADV/adc_measurement_adv_conf.o
 .text.DAVE_Init
                0x08005f50      0x150 ./Dave/Generated/DAVE.o
                0x08005f50                DAVE_Init
 .text.XMC_GPIO_SetOutputHigh
                0x080060a0       0x20 ./main.o
 .text.XMC_GPIO_SetOutputLow
                0x080060c0       0x24 ./main.o
 .text.XMC_GPIO_ToggleOutput
                0x080060e4       0x24 ./main.o
 .text.XMC_USIC_CH_ConfigureShiftClockOutput
                0x08006108       0x2c ./main.o
 .text.XMC_SPI_CH_ConfigureShiftClockOutput
                0x08006134       0x1c ./main.o
 .text.SPI_MASTER_IsRxBusy
                0x08006150       0x1c ./main.o
 .text.SPI_MASTER_EnableSlaveSelectSignal
                0x0800616c       0x2c ./main.o
 .text.SPI_MASTER_DisableSlaveSelectSignal
                0x08006198       0x18 ./main.o
 .text.DIGITAL_IO_SetOutputHigh
                0x080061b0       0x20 ./main.o
 .text.DIGITAL_IO_SetOutputLow
                0x080061d0       0x20 ./main.o
 .text.DIGITAL_IO_ToggleOutput
                0x080061f0       0x20 ./main.o
 .text.XMC_VADC_GROUP_GetResult
                0x08006210       0x24 ./main.o
 .text.ADC_MEASUREMENT_ADV_GetResult
                0x08006234       0x3c ./main.o
 .text.XMC_DAC_CH_SetMode
                0x08006270       0x34 ./main.o
 .text.DAC_Enable
                0x080062a4       0x28 ./main.o
 .text.RS_Init  0x080062cc       0x30 ./main.o
                0x080062cc                RS_Init
 .text.main     0x080062fc      0x138 ./main.o
                0x080062fc                main
 .text.SYS2     0x08006434      0x148 ./main.o
                0x08006434                SYS2
 .text.enkoder  0x0800657c       0x5c ./main.o
                0x0800657c                enkoder
 .text.SYS1     0x080065d8      0x2e8 ./main.o
                0x080065d8                SYS1
 .text.DRV_START
                0x080068c0      0x15c ./main.o
                0x080068c0                DRV_START
 .text.LiczeniePradu
                0x08006a1c      0x124 ./main.o
                0x08006a1c                LiczeniePradu
 .text.CCU80_2_IRQHandler
                0x08006b40        0xc ./main.o
                0x08006b40                CCU80_2_IRQHandler
 .text.XMC_Init
                0x08006b4c       0xb8 ./main.o
                0x08006b4c                XMC_Init
 .text.end_transmit
                0x08006c04        0xc ./main.o
                0x08006c04                end_transmit
 .text.end_receive
                0x08006c10       0x80 ./main.o
                0x08006c10                end_receive
 .text.interpreter_wiadomosci
                0x08006c90       0xf8 ./main.o
                0x08006c90                interpreter_wiadomosci
 .text.delay    0x08006d88       0x3c ./main.o
                0x08006d88                delay
 .text.CCU43_1_IRQHandler
                0x08006dc4       0x18 ./main.o
                0x08006dc4                CCU43_1_IRQHandler
 .text.sqrtf    0x08006ddc       0xb0 c:/davev4-64bit/dave-4.3.2/eclipse/arm-gcc-49/bin/../lib/gcc/arm-none-eabi/4.9.3/../../../../arm-none-eabi/lib/armv7e-m/softfp\libm.a(lib_a-wf_sqrt.o)
                0x08006ddc                sqrtf
 .text.__ieee754_sqrtf
                0x08006e8c       0xac c:/davev4-64bit/dave-4.3.2/eclipse/arm-gcc-49/bin/../lib/gcc/arm-none-eabi/4.9.3/../../../../arm-none-eabi/lib/armv7e-m/softfp\libm.a(lib_a-ef_sqrt.o)
                0x08006e8c                __ieee754_sqrtf
 .text.matherr  0x08006f38        0x4 c:/davev4-64bit/dave-4.3.2/eclipse/arm-gcc-49/bin/../lib/gcc/arm-none-eabi/4.9.3/../../../../arm-none-eabi/lib/armv7e-m/softfp\libm.a(lib_a-s_matherr.o)
                0x08006f38                matherr
 .text.__fpclassifyf
                0x08006f3c       0x34 c:/davev4-64bit/dave-4.3.2/eclipse/arm-gcc-49/bin/../lib/gcc/arm-none-eabi/4.9.3/../../../../arm-none-eabi/lib/armv7e-m/softfp\libm.a(lib_a-sf_fpclassify.o)
                0x08006f3c                __fpclassifyf
 .text          0x08006f70      0x370 c:/davev4-64bit/dave-4.3.2/eclipse/arm-gcc-49/bin/../lib/gcc/arm-none-eabi/4.9.3/armv7e-m/softfp\libgcc.a(_arm_addsubdf3.o)
                0x08006f70                __aeabi_drsub
                0x08006f78                __aeabi_dsub
                0x08006f78                __subdf3
                0x08006f7c                __aeabi_dadd
                0x08006f7c                __adddf3
                0x080071f4                __floatunsidf
                0x080071f4                __aeabi_ui2d
                0x08007214                __floatsidf
                0x08007214                __aeabi_i2d
                0x08007238                __aeabi_f2d
                0x08007238                __extendsfdf2
                0x08007274                __floatundidf
                0x08007274                __aeabi_ul2d
                0x08007284                __floatdidf
                0x08007284                __aeabi_l2d
 .text          0x080072e0      0x424 c:/davev4-64bit/dave-4.3.2/eclipse/arm-gcc-49/bin/../lib/gcc/arm-none-eabi/4.9.3/armv7e-m/softfp\libgcc.a(_arm_muldivdf3.o)
                0x080072e0                __aeabi_dmul
                0x080072e0                __muldf3
                0x08007534                __divdf3
                0x08007534                __aeabi_ddiv
 .text          0x08007704       0xa0 c:/davev4-64bit/dave-4.3.2/eclipse/arm-gcc-49/bin/../lib/gcc/arm-none-eabi/4.9.3/armv7e-m/softfp\libgcc.a(_arm_truncdfsf2.o)
                0x08007704                __truncdfsf2
                0x08007704                __aeabi_d2f
 .text          0x080077a4       0x2c c:/davev4-64bit/dave-4.3.2/eclipse/arm-gcc-49/bin/../lib/gcc/arm-none-eabi/4.9.3/armv7e-m/softfp\libgcc.a(_aeabi_uldivmod.o)
                0x080077a4                __aeabi_uldivmod
 .text          0x080077d0       0x60 c:/davev4-64bit/dave-4.3.2/eclipse/arm-gcc-49/bin/../lib/gcc/arm-none-eabi/4.9.3/armv7e-m/softfp\libgcc.a(bpabi.o)
                0x080077d0                __gnu_ldivmod_helper
                0x08007800                __gnu_uldivmod_helper
 .text          0x08007830        0x4 c:/davev4-64bit/dave-4.3.2/eclipse/arm-gcc-49/bin/../lib/gcc/arm-none-eabi/4.9.3/armv7e-m/softfp\libgcc.a(_dvmd_tls.o)
                0x08007830                __aeabi_idiv0
                0x08007830                __aeabi_ldiv0
 .text          0x08007834      0x29c c:/davev4-64bit/dave-4.3.2/eclipse/arm-gcc-49/bin/../lib/gcc/arm-none-eabi/4.9.3/armv7e-m/softfp\libgcc.a(_divdi3.o)
                0x08007834                __divdi3
 .text          0x08007ad0      0x26c c:/davev4-64bit/dave-4.3.2/eclipse/arm-gcc-49/bin/../lib/gcc/arm-none-eabi/4.9.3/armv7e-m/softfp\libgcc.a(_udivdi3.o)
                0x08007ad0                __udivdi3
 .text.__errno  0x08007d3c        0xc c:/davev4-64bit/dave-4.3.2/eclipse/arm-gcc-49/bin/../lib/gcc/arm-none-eabi/4.9.3/../../../../arm-none-eabi/lib/armv7e-m/softfp\libg_nano.a(lib_a-errno.o)
                0x08007d3c                __errno
 .text.__libc_init_array
                0x08007d48       0x4c c:/davev4-64bit/dave-4.3.2/eclipse/arm-gcc-49/bin/../lib/gcc/arm-none-eabi/4.9.3/../../../../arm-none-eabi/lib/armv7e-m/softfp\libg_nano.a(lib_a-init.o)
                0x08007d48                __libc_init_array
 .text.memcpy   0x08007d94       0x16 c:/davev4-64bit/dave-4.3.2/eclipse/arm-gcc-49/bin/../lib/gcc/arm-none-eabi/4.9.3/../../../../arm-none-eabi/lib/armv7e-m/softfp\libg_nano.a(lib_a-memcpy.o)
                0x08007d94                memcpy
 .text.memset   0x08007daa       0x10 c:/davev4-64bit/dave-4.3.2/eclipse/arm-gcc-49/bin/../lib/gcc/arm-none-eabi/4.9.3/../../../../arm-none-eabi/lib/armv7e-m/softfp\libg_nano.a(lib_a-memset.o)
                0x08007daa                memset
 *fill*         0x08007dba        0x6 
 .text.memset.__stub
                0x08007dc0       0x10 linker stubs
 *(.init)
 *(.fini)
 *crtbegin.o(.ctors)
 *crtbegin?.o(.ctors)
 *(EXCLUDE_FILE(*crtend.o *crtend?.o) .ctors)
 *(SORT(.ctors.*))
 *(.ctors)
 *crtbegin.o(.dtors)
 *crtbegin?.o(.dtors)
 *(EXCLUDE_FILE(*crtend.o *crtend?.o) .dtors)
 *(SORT(.dtors.*))
 *(.dtors)
 *(.rodata .rodata.*)
 *fill*         0x08007dd0        0x0 
 .rodata.g_xmc_vadc_group_array
                0x08007dd0       0x10 ./Libraries/XMCLib/src/xmc_vadc.o
 .rodata.UART_0_channel_config
                0x08007de0        0xc ./Dave/Generated/UART/uart_conf.o
                0x08007de0                UART_0_channel_config
 .rodata.UART_0_tx_pin_config
                0x08007dec        0xc ./Dave/Generated/UART/uart_conf.o
                0x08007dec                UART_0_tx_pin_config
 .rodata.UART_0_tx_pin
                0x08007df8        0xc ./Dave/Generated/UART/uart_conf.o
                0x08007df8                UART_0_tx_pin
 .rodata.UART_0_config
                0x08007e04       0x30 ./Dave/Generated/UART/uart_conf.o
                0x08007e04                UART_0_config
 .rodata.SPI_enkoder_MOSI
                0x08007e34        0x8 ./Dave/Generated/SPI_MASTER/spi_master_conf.o
                0x08007e34                SPI_enkoder_MOSI
 .rodata.SPI_enkoder_MISO
                0x08007e3c        0x8 ./Dave/Generated/SPI_MASTER/spi_master_conf.o
                0x08007e3c                SPI_enkoder_MISO
 .rodata.SPI_enkoder_SCLKOUT
                0x08007e44        0x8 ./Dave/Generated/SPI_MASTER/spi_master_conf.o
                0x08007e44                SPI_enkoder_SCLKOUT
 .rodata.SPI_enkoder_SCLKOUT_Config
                0x08007e4c       0x14 ./Dave/Generated/SPI_MASTER/spi_master_conf.o
                0x08007e4c                SPI_enkoder_SCLKOUT_Config
 .rodata.SPI_enkoder_SS_0
                0x08007e60        0x8 ./Dave/Generated/SPI_MASTER/spi_master_conf.o
                0x08007e60                SPI_enkoder_SS_0
 .rodata.SPI_enkoder_SS_0_Config
                0x08007e68       0x14 ./Dave/Generated/SPI_MASTER/spi_master_conf.o
                0x08007e68                SPI_enkoder_SS_0_Config
 .rodata.SPI_enkoder_SS_1
                0x08007e7c        0x8 ./Dave/Generated/SPI_MASTER/spi_master_conf.o
                0x08007e7c                SPI_enkoder_SS_1
 .rodata.SPI_enkoder_Config
                0x08007e84       0x8c ./Dave/Generated/SPI_MASTER/spi_master_conf.o
                0x08007e84                SPI_enkoder_Config
 .rodata.SVPWM_PhUHighPin
                0x08007f10        0x8 ./Dave/Generated/PWM_SVM/pwm_svm_conf.o
                0x08007f10                SVPWM_PhUHighPin
 .rodata.SVPWM_PhULowPin
                0x08007f18        0x8 ./Dave/Generated/PWM_SVM/pwm_svm_conf.o
                0x08007f18                SVPWM_PhULowPin
 .rodata.SVPWM_PhVHighPin
                0x08007f20        0x8 ./Dave/Generated/PWM_SVM/pwm_svm_conf.o
                0x08007f20                SVPWM_PhVHighPin
 .rodata.SVPWM_PhVLowPin
                0x08007f28        0x8 ./Dave/Generated/PWM_SVM/pwm_svm_conf.o
                0x08007f28                SVPWM_PhVLowPin
 .rodata.SVPWM_PhWHighPin
                0x08007f30        0x8 ./Dave/Generated/PWM_SVM/pwm_svm_conf.o
                0x08007f30                SVPWM_PhWHighPin
 .rodata.SVPWM_PhWLowPin
                0x08007f38        0x8 ./Dave/Generated/PWM_SVM/pwm_svm_conf.o
                0x08007f38                SVPWM_PhWLowPin
 .rodata.SVPWM_PhUHiOutPinConf
                0x08007f40        0xc ./Dave/Generated/PWM_SVM/pwm_svm_conf.o
                0x08007f40                SVPWM_PhUHiOutPinConf
 .rodata.SVPWM_PhULoOutPinConf
                0x08007f4c        0xc ./Dave/Generated/PWM_SVM/pwm_svm_conf.o
                0x08007f4c                SVPWM_PhULoOutPinConf
 .rodata.SVPWM_PhVHiOutPinConf
                0x08007f58        0xc ./Dave/Generated/PWM_SVM/pwm_svm_conf.o
                0x08007f58                SVPWM_PhVHiOutPinConf
 .rodata.SVPWM_PhVLoOutPinConf
                0x08007f64        0xc ./Dave/Generated/PWM_SVM/pwm_svm_conf.o
                0x08007f64                SVPWM_PhVLoOutPinConf
 .rodata.SVPWM_PhWHiOutPinConf
                0x08007f70        0xc ./Dave/Generated/PWM_SVM/pwm_svm_conf.o
                0x08007f70                SVPWM_PhWHiOutPinConf
 .rodata.SVPWM_PhWLoOutPinConf
                0x08007f7c        0xc ./Dave/Generated/PWM_SVM/pwm_svm_conf.o
                0x08007f7c                SVPWM_PhWLoOutPinConf
 .rodata.SVPWM_InverterPin
                0x08007f88        0x8 ./Dave/Generated/PWM_SVM/pwm_svm_conf.o
                0x08007f88                SVPWM_InverterPin
 .rodata.SVPWM_InvPinConf
                0x08007f90        0xc ./Dave/Generated/PWM_SVM/pwm_svm_conf.o
                0x08007f90                SVPWM_InvPinConf
 .rodata.SVPWM_TrapPin
                0x08007f9c        0x8 ./Dave/Generated/PWM_SVM/pwm_svm_conf.o
                0x08007f9c                SVPWM_TrapPin
 .rodata.SVPWM_TrapPinConf
                0x08007fa4        0xc ./Dave/Generated/PWM_SVM/pwm_svm_conf.o
                0x08007fa4                SVPWM_TrapPinConf
 .rodata.SVPWM_TrapConfig
                0x08007fb0        0x4 ./Dave/Generated/PWM_SVM/pwm_svm_conf.o
                0x08007fb0                SVPWM_TrapConfig
 .rodata.SVPWM_PhU
                0x08007fb4        0x8 ./Dave/Generated/PWM_SVM/pwm_svm_conf.o
                0x08007fb4                SVPWM_PhU
 .rodata.SVPWM_PhV
                0x08007fbc        0x8 ./Dave/Generated/PWM_SVM/pwm_svm_conf.o
                0x08007fbc                SVPWM_PhV
 .rodata.SVPWM_PhW
                0x08007fc4        0x8 ./Dave/Generated/PWM_SVM/pwm_svm_conf.o
                0x08007fc4                SVPWM_PhW
 .rodata.SVPWM_CurrentTrig
                0x08007fcc        0x8 ./Dave/Generated/PWM_SVM/pwm_svm_conf.o
                0x08007fcc                SVPWM_CurrentTrig
 .rodata.SVPWM_StartConfig
                0x08007fd4        0x4 ./Dave/Generated/PWM_SVM/pwm_svm_conf.o
                0x08007fd4                SVPWM_StartConfig
 .rodata.SVPWM_TimerInitHandle
                0x08007fd8       0x10 ./Dave/Generated/PWM_SVM/pwm_svm_conf.o
                0x08007fd8                SVPWM_TimerInitHandle
 .rodata.SVPWM_TimerInit_CurrentTrig
                0x08007fe8       0x10 ./Dave/Generated/PWM_SVM/pwm_svm_conf.o
                0x08007fe8                SVPWM_TimerInit_CurrentTrig
 .rodata.SVPWM_AppConfig
                0x08007ff8       0x4c ./Dave/Generated/PWM_SVM/pwm_svm_conf.o
                0x08007ff8                SVPWM_AppConfig
 .rodata.Sinus60_tab
                0x08008044      0x804 ./Dave/Generated/PWM_SVM/pwm_svm_table.o
                0x08008044                Sinus60_tab
 .rodata.MOTOR_LIB_E
                0x08008848       0x5c ./Dave/Generated/MOTOR_LIB/motor_lib.o
                0x08008848                MOTOR_LIB_E
 .rodata.INTERRUPT_0
                0x080088a4        0x4 ./Dave/Generated/INTERRUPT/interrupt_conf.o
                0x080088a4                INTERRUPT_0
 .rodata.TIM_IRQ
                0x080088a8        0x4 ./Dave/Generated/INTERRUPT/interrupt_conf.o
                0x080088a8                TIM_IRQ
 .rodata.group_init_handle0
                0x080088ac       0x14 ./Dave/Generated/GLOBAL_ADC/global_adc_conf.o
                0x080088ac                group_init_handle0
 .rodata.group_init_handle1
                0x080088c0       0x14 ./Dave/Generated/GLOBAL_ADC/global_adc_conf.o
                0x080088c0                group_init_handle1
 .rodata.group_init_handle2
                0x080088d4       0x14 ./Dave/Generated/GLOBAL_ADC/global_adc_conf.o
                0x080088d4                group_init_handle2
 .rodata.group_init_handle3
                0x080088e8       0x14 ./Dave/Generated/GLOBAL_ADC/global_adc_conf.o
                0x080088e8                group_init_handle3
 .rodata.global_config
                0x080088fc       0x18 ./Dave/Generated/GLOBAL_ADC/global_adc_conf.o
                0x080088fc                global_config
 .rodata.LED    0x08008914       0x14 ./Dave/Generated/DIGITAL_IO/digital_io_conf.o
                0x08008914                LED
 .rodata.DC_CAL
                0x08008928       0x14 ./Dave/Generated/DIGITAL_IO/digital_io_conf.o
                0x08008928                DC_CAL
 .rodata.SIGNAL
                0x0800893c       0x14 ./Dave/Generated/DIGITAL_IO/digital_io_conf.o
                0x0800893c                SIGNAL
 .rodata        0x08008950       0x14 ./Dave/Generated/CLOCK_XMC4/clock_xmc4_conf.o
 .rodata.ADC_QUEUE_0_reqsrc_config_0
                0x08008964       0x10 ./Dave/Generated/ADC_QUEUE/adc_queue_conf.o
                0x08008964                ADC_QUEUE_0_reqsrc_config_0
 .rodata.ADC_QUEUE_0_init_config_0
                0x08008974        0xc ./Dave/Generated/ADC_QUEUE/adc_queue_conf.o
                0x08008974                ADC_QUEUE_0_init_config_0
 .rodata.ADC_QUEUE_1_reqsrc_config_1
                0x08008980       0x10 ./Dave/Generated/ADC_QUEUE/adc_queue_conf.o
                0x08008980                ADC_QUEUE_1_reqsrc_config_1
 .rodata.ADC_QUEUE_1_init_config_1
                0x08008990        0xc ./Dave/Generated/ADC_QUEUE/adc_queue_conf.o
                0x08008990                ADC_QUEUE_1_init_config_1
 .rodata.ADC_QUEUE_2_reqsrc_config_2
                0x0800899c       0x10 ./Dave/Generated/ADC_QUEUE/adc_queue_conf.o
                0x0800899c                ADC_QUEUE_2_reqsrc_config_2
 .rodata.ADC_QUEUE_2_init_config_2
                0x080089ac        0xc ./Dave/Generated/ADC_QUEUE/adc_queue_conf.o
                0x080089ac                ADC_QUEUE_2_init_config_2
 .rodata.group_ptrs
                0x080089b8       0x10 ./Dave/Generated/ADC_MEASUREMENT_ADV/adc_measurement_adv.o
                0x080089b8                group_ptrs
 .rodata.ADC_U_Channel_A_ch_config
                0x080089c8        0xc ./Dave/Generated/ADC_MEASUREMENT_ADV/adc_measurement_adv_conf.o
 .rodata.ADC_U_Channel_A_res_config
                0x080089d4        0x4 ./Dave/Generated/ADC_MEASUREMENT_ADV/adc_measurement_adv_conf.o
 .rodata.ADC_U_Channel_A_handle
                0x080089d8        0xc ./Dave/Generated/ADC_MEASUREMENT_ADV/adc_measurement_adv_conf.o
                0x080089d8                ADC_U_Channel_A_handle
 .rodata.ADC_U_Channel_A_queue_entry_0
                0x080089e4        0xc ./Dave/Generated/ADC_MEASUREMENT_ADV/adc_measurement_adv_conf.o
 .rodata.ADC_U  0x080089f0       0x1c ./Dave/Generated/ADC_MEASUREMENT_ADV/adc_measurement_adv_conf.o
                0x080089f0                ADC_U
 .rodata.ADC_V_Channel_A_ch_config
                0x08008a0c        0xc ./Dave/Generated/ADC_MEASUREMENT_ADV/adc_measurement_adv_conf.o
 .rodata.ADC_V_Channel_A_res_config
                0x08008a18        0x4 ./Dave/Generated/ADC_MEASUREMENT_ADV/adc_measurement_adv_conf.o
 .rodata.ADC_V_Channel_A_handle
                0x08008a1c        0xc ./Dave/Generated/ADC_MEASUREMENT_ADV/adc_measurement_adv_conf.o
                0x08008a1c                ADC_V_Channel_A_handle
 .rodata.ADC_V_Channel_A_queue_entry_0
                0x08008a28        0xc ./Dave/Generated/ADC_MEASUREMENT_ADV/adc_measurement_adv_conf.o
 .rodata.ADC_V  0x08008a34       0x1c ./Dave/Generated/ADC_MEASUREMENT_ADV/adc_measurement_adv_conf.o
                0x08008a34                ADC_V
 .rodata.ADC_W_Channel_A_ch_config
                0x08008a50        0xc ./Dave/Generated/ADC_MEASUREMENT_ADV/adc_measurement_adv_conf.o
 .rodata.ADC_W_Channel_A_res_config
                0x08008a5c        0x4 ./Dave/Generated/ADC_MEASUREMENT_ADV/adc_measurement_adv_conf.o
 .rodata.ADC_W_Channel_A_handle
                0x08008a60        0xc ./Dave/Generated/ADC_MEASUREMENT_ADV/adc_measurement_adv_conf.o
                0x08008a60                ADC_W_Channel_A_handle
 .rodata.ADC_W_Channel_A_queue_entry_0
                0x08008a6c        0xc ./Dave/Generated/ADC_MEASUREMENT_ADV/adc_measurement_adv_conf.o
 .rodata.ADC_W  0x08008a78       0x1c ./Dave/Generated/ADC_MEASUREMENT_ADV/adc_measurement_adv_conf.o
                0x08008a78                ADC_W
 .rodata.str1.4
                0x08008a94        0x8 c:/davev4-64bit/dave-4.3.2/eclipse/arm-gcc-49/bin/../lib/gcc/arm-none-eabi/4.9.3/../../../../arm-none-eabi/lib/armv7e-m/softfp\libm.a(lib_a-wf_sqrt.o)
 .rodata.str1.1
                0x08008a9c        0x2 c:/davev4-64bit/dave-4.3.2/eclipse/arm-gcc-49/bin/../lib/gcc/arm-none-eabi/4.9.3/../../../../arm-none-eabi/lib/armv7e-m/softfp\libg_nano.a(lib_a-impure.o)
 *(.gnu.linkonce.r*)
 *(vtable)
                0x08008aa0                . = ALIGN (0x4)
 *fill*         0x08008a9e        0x2 

.glue_7         0x08008aa0        0x0 load address 0x0c008aa0
 .glue_7        0x00000000        0x0 linker stubs

.glue_7t        0x08008aa0        0x0 load address 0x0c008aa0
 .glue_7t       0x00000000        0x0 linker stubs

.vfp11_veneer   0x08008aa0        0x0 load address 0x0c008aa0
 .vfp11_veneer  0x00000000        0x0 linker stubs

.v4_bx          0x08008aa0        0x0 load address 0x0c008aa0
 .v4_bx         0x00000000        0x0 linker stubs

.iplt           0x08008aa0        0x0 load address 0x0c008aa0
 .iplt          0x00000000        0x0 ./Startup/startup_XMC4500.o

.eh_frame_hdr
 *(.eh_frame_hdr)

.eh_frame
 *(.eh_frame)

.ARM.extab
 *(.ARM.extab* .gnu.linkonce.armextab.*)
                0x08008aa0                . = ALIGN (0x4)
                0x08008aa0                __exidx_start = .

.ARM.exidx      0x08008aa0        0x8 load address 0x0c008aa0
 *(.ARM.exidx* .gnu.linkonce.armexidx.*)
 .ARM.exidx     0x08008aa0        0x8 c:/davev4-64bit/dave-4.3.2/eclipse/arm-gcc-49/bin/../lib/gcc/arm-none-eabi/4.9.3/armv7e-m/softfp\libgcc.a(_divdi3.o)
 .ARM.exidx     0x08008aa8        0x0 c:/davev4-64bit/dave-4.3.2/eclipse/arm-gcc-49/bin/../lib/gcc/arm-none-eabi/4.9.3/armv7e-m/softfp\libgcc.a(_udivdi3.o)
                                  0x8 (size before relaxing)
                0x08008aa8                __exidx_end = .
                0x08008aa8                . = ALIGN (0x4)

Stack           0x10000000      0x800
                0x10000000                __stack_start = .
                0x10000800                . = (. + stack_size)
 *fill*         0x10000000      0x800 
                0x10000800                __stack_end = .
                0x10000800                __initial_sp = .

.ram_code       0x10000800      0x448 load address 0x0c008aa8
                0x10000800                . = ALIGN (0x4)
                0x10000800                __ram_code_start = .
 *(.ram_code)
 .ram_code      0x10000800      0x448 ./Dave/Generated/PWM_SVM/pwm_svm.o
                0x10000960                PWM_SVM_CalCmpValueSym7
                0x100009f8                PWM_SVM_CalCmpValueSym5
                0x10000a78                PWM_SVM_TimecalcUsingLUT
                0x10000c00                PWM_SVM_SVMUpdate
                0x10000c48                . = ALIGN (0x4)
                0x10000c48                __ram_code_end = .
                0x0c008aa8                __ram_code_load = LOADADDR (.ram_code)
                0x00000448                __ram_code_size = (__ram_code_end - __ram_code_start)

.rel.dyn        0x10000c48        0x0 load address 0x0c008ef0
 .rel.iplt      0x00000000        0x0 ./Startup/startup_XMC4500.o

PSRAM_DATA      0x10000c48        0x0 load address 0x0c008ef0
                0x10000c48                . = ALIGN (0x4)
                0x10000c48                __data3_start = .
 *(PSRAM_DATA)
                0x10000c48                . = ALIGN (0x4)
                0x10000c48                __data3_end = .
                0x0c008ef0                __data3_load = LOADADDR (PSRAM_DATA)
                0x00000000                __data3_size = (__data3_end - __data3_start)

PSRAM_BSS       0x10000c48        0x0 load address 0x0c008ef0
                0x10000c48                . = ALIGN (0x4)
                0x10000c48                __bss3_start = .
 *(PSRAM_BSS)
                0x10000c48                . = ALIGN (0x4)
                0x10000c48                __bss3_end = .
                0x10000c48                . = ALIGN (0x8)
                0x10000c48                Heap_Bank3_Start = .
                0x00000000                __bss3_size = (__bss3_end - __bss3_start)

.data           0x20000000      0x328 load address 0x0c008ef0
                0x20000000                . = ALIGN (0x4)
                0x20000000                __data_start = .
 *(.data)
 *(.data*)
 .data.UART_0   0x20000000        0xc ./Dave/Generated/UART/uart_conf.o
                0x20000000                UART_0
 .data.DELAY    0x2000000c       0x28 ./Dave/Generated/TIMER/timer_conf.o
                0x2000000c                DELAY
 .data.SPI_enkoder_MOSI_Config
                0x20000034       0x14 ./Dave/Generated/SPI_MASTER/spi_master_conf.o
                0x20000034                SPI_enkoder_MOSI_Config
 .data.SPI_enkoder_SS_1_Config
                0x20000048       0x14 ./Dave/Generated/SPI_MASTER/spi_master_conf.o
                0x20000048                SPI_enkoder_SS_1_Config
 .data.SPI_enkoder_Channel_Config
                0x2000005c        0x8 ./Dave/Generated/SPI_MASTER/spi_master_conf.o
                0x2000005c                SPI_enkoder_Channel_Config
 .data.SPI_enkoder_runtime
                0x20000064       0x24 ./Dave/Generated/SPI_MASTER/spi_master_conf.o
                0x20000064                SPI_enkoder_runtime
 .data.SPI_enkoder
                0x20000088        0xc ./Dave/Generated/SPI_MASTER/spi_master_conf.o
                0x20000088                SPI_enkoder
 .data.SVPWM_DeadTimeConfig
                0x20000094        0xc ./Dave/Generated/PWM_SVM/pwm_svm_conf.o
                0x20000094                SVPWM_DeadTimeConfig
 .data.SVPWM    0x200000a0       0xcc ./Dave/Generated/PWM_SVM/pwm_svm_conf.o
                0x200000a0                SVPWM
 .data.GLOBAL_CCU8_0
                0x2000016c       0x10 ./Dave/Generated/GLOBAL_CCU8/global_ccu8_conf.o
                0x2000016c                GLOBAL_CCU8_0
 .data.GLOBAL_CCU4_0
                0x2000017c       0x10 ./Dave/Generated/GLOBAL_CCU4/global_ccu4_conf.o
                0x2000017c                GLOBAL_CCU4_0
 .data.group_0_config
                0x2000018c        0xc ./Dave/Generated/GLOBAL_ADC/global_adc_conf.o
                0x2000018c                group_0_config
 .data.group_1_config
                0x20000198        0xc ./Dave/Generated/GLOBAL_ADC/global_adc_conf.o
                0x20000198                group_1_config
 .data.group_2_config
                0x200001a4        0xc ./Dave/Generated/GLOBAL_ADC/global_adc_conf.o
                0x200001a4                group_2_config
 .data.group_3_config
                0x200001b0        0xc ./Dave/Generated/GLOBAL_ADC/global_adc_conf.o
                0x200001b0                group_3_config
 .data.GLOBAL_ADC_0
                0x200001bc       0x1c ./Dave/Generated/GLOBAL_ADC/global_adc_conf.o
                0x200001bc                GLOBAL_ADC_0
 .data.ANALOG   0x200001d8       0x2c ./Dave/Generated/DAC/dac_conf.o
                0x200001d8                ANALOG
 .data.ANALOG2  0x20000204       0x2c ./Dave/Generated/DAC/dac_conf.o
                0x20000204                ANALOG2
 .data.ADC_QUEUE_0
                0x20000230       0x20 ./Dave/Generated/ADC_QUEUE/adc_queue_conf.o
                0x20000230                ADC_QUEUE_0
 .data.ADC_QUEUE_1
                0x20000250       0x20 ./Dave/Generated/ADC_QUEUE/adc_queue_conf.o
                0x20000250                ADC_QUEUE_1
 .data.ADC_QUEUE_2
                0x20000270       0x20 ./Dave/Generated/ADC_QUEUE/adc_queue_conf.o
                0x20000270                ADC_QUEUE_2
 .data.ADC_U_queue_entries
                0x20000290        0x4 ./Dave/Generated/ADC_MEASUREMENT_ADV/adc_measurement_adv_conf.o
 .data.ADC_U_channel_array
                0x20000294        0x4 ./Dave/Generated/ADC_MEASUREMENT_ADV/adc_measurement_adv_conf.o
 .data.ADC_U_initialization_status
                0x20000298        0x1 ./Dave/Generated/ADC_MEASUREMENT_ADV/adc_measurement_adv_conf.o
 *fill*         0x20000299        0x3 
 .data.ADC_V_queue_entries
                0x2000029c        0x4 ./Dave/Generated/ADC_MEASUREMENT_ADV/adc_measurement_adv_conf.o
 .data.ADC_V_channel_array
                0x200002a0        0x4 ./Dave/Generated/ADC_MEASUREMENT_ADV/adc_measurement_adv_conf.o
 .data.ADC_V_initialization_status
                0x200002a4        0x1 ./Dave/Generated/ADC_MEASUREMENT_ADV/adc_measurement_adv_conf.o
 *fill*         0x200002a5        0x3 
 .data.ADC_W_queue_entries
                0x200002a8        0x4 ./Dave/Generated/ADC_MEASUREMENT_ADV/adc_measurement_adv_conf.o
 .data.ADC_W_channel_array
                0x200002ac        0x4 ./Dave/Generated/ADC_MEASUREMENT_ADV/adc_measurement_adv_conf.o
 .data.ADC_W_initialization_status
                0x200002b0        0x1 ./Dave/Generated/ADC_MEASUREMENT_ADV/adc_measurement_adv_conf.o
 *fill*         0x200002b1        0x3 
 .data.is_delay
                0x200002b4        0x4 ./main.o
                0x200002b4                is_delay
 .data.poz_zad  0x200002b8        0x2 ./main.o
                0x200002b8                poz_zad
 .data.liczba_par_biegunow
                0x200002ba        0x1 ./main.o
                0x200002ba                liczba_par_biegunow
 *fill*         0x200002bb        0x1 
 .data.v3v      0x200002bc        0x4 ./main.o
                0x200002bc                v3v
 .data.__fdlib_version
                0x200002c0        0x1 c:/davev4-64bit/dave-4.3.2/eclipse/arm-gcc-49/bin/../lib/gcc/arm-none-eabi/4.9.3/../../../../arm-none-eabi/lib/armv7e-m/softfp\libm.a(lib_a-s_lib_ver.o)
                0x200002c0                __fdlib_version
 *fill*         0x200002c1        0x3 
 .data.impure_data
                0x200002c4       0x60 c:/davev4-64bit/dave-4.3.2/eclipse/arm-gcc-49/bin/../lib/gcc/arm-none-eabi/4.9.3/../../../../arm-none-eabi/lib/armv7e-m/softfp\libg_nano.a(lib_a-impure.o)
 .data._impure_ptr
                0x20000324        0x4 c:/davev4-64bit/dave-4.3.2/eclipse/arm-gcc-49/bin/../lib/gcc/arm-none-eabi/4.9.3/../../../../arm-none-eabi/lib/armv7e-m/softfp\libg_nano.a(lib_a-impure.o)
                0x20000324                _impure_ptr
 *(*.data)
 *(.gnu.linkonce.d*)
                0x20000328                . = ALIGN (0x4)
                0x20000328                PROVIDE (__preinit_array_start, .)
 *(.preinit_array)
                0x20000328                PROVIDE (__preinit_array_end, .)
                0x20000328                . = ALIGN (0x4)
                0x20000328                PROVIDE (__init_array_start, .)
 *(SORT(.init_array.*))
 *(.init_array)
                0x20000328                PROVIDE (__init_array_end, .)
                0x20000328                . = ALIGN (0x4)
                0x20000328                PROVIDE (__fini_array_start, .)
 *(SORT(.fini_array.*))
 *(.fini_array)
                0x20000328                PROVIDE (__fini_array_end, .)
                0x20000328                . = ALIGN (0x4)
                0x20000328                __data_end = .
                0x0c008ef0                __data_load = LOADADDR (.data)
                0x00000328                __data_size = (__data_end - __data_start)

.igot.plt       0x20000328        0x0 load address 0x0c009218
 .igot.plt      0x00000000        0x0 ./Startup/startup_XMC4500.o

.bss            0x20000328      0x488 load address 0x0c009218
                0x20000328                . = ALIGN (0x4)
                0x20000328                __bss_start = .
 *(.bss)
 *(.bss*)
 .bss.UART_0_runtime
                0x20000328       0x1c ./Dave/Generated/UART/uart_conf.o
                0x20000328                UART_0_runtime
 .bss.DELAY_config
                0x20000344        0x8 ./Dave/Generated/TIMER/timer_conf.o
                0x20000344                DELAY_config
 .bss.g_timer_list
                0x2000034c        0x4 ./Dave/Generated/SYSTIMER/systimer.o
                0x2000034c                g_timer_list
 .bss.g_timer_tracker
                0x20000350        0x4 ./Dave/Generated/SYSTIMER/systimer.o
                0x20000350                g_timer_tracker
 .bss.g_systick_count
                0x20000354        0x4 ./Dave/Generated/SYSTIMER/systimer.o
                0x20000354                g_systick_count
 .bss.SYSTIMER_0
                0x20000358        0x4 ./Dave/Generated/SYSTIMER/systimer_conf.o
                0x20000358                SYSTIMER_0
 .bss.SPI_enkoder_MISO_Config
                0x2000035c       0x14 ./Dave/Generated/SPI_MASTER/spi_master_conf.o
                0x2000035c                SPI_enkoder_MISO_Config
 .bss.ANALOG_Channel_Config
                0x20000370        0x8 ./Dave/Generated/DAC/dac_conf.o
                0x20000370                ANALOG_Channel_Config
 .bss.ANALOG2_Channel_Config
                0x20000378        0x8 ./Dave/Generated/DAC/dac_conf.o
                0x20000378                ANALOG2_Channel_Config
 .bss.CLOCK_XMC4_0
                0x20000380        0x4 ./Dave/Generated/CLOCK_XMC4/clock_xmc4_conf.o
                0x20000380                CLOCK_XMC4_0
 .bss.adc_queue_callback_list
                0x20000384       0x80 ./Dave/Generated/ADC_QUEUE/adc_queue.o
 .bss.silnik    0x20000404        0x1 ./main.o
                0x20000404                silnik
 .bss.adress    0x20000405        0x1 ./main.o
                0x20000405                adress
 .bss.init      0x20000406        0x1 ./main.o
                0x20000406                init
 .bss.znak      0x20000407        0x1 ./main.o
                0x20000407                znak
 .bss.rxData    0x20000408        0xc ./main.o
                0x20000408                rxData
 .bss.txData    0x20000414        0xc ./main.o
                0x20000414                txData
 .bss.rxByte    0x20000420        0x1 ./main.o
                0x20000420                rxByte
 .bss.iterator_wiadomosci
                0x20000421        0x1 ./main.o
                0x20000421                iterator_wiadomosci
 .bss.ks        0x20000422        0x2 ./main.o
                0x20000422                ks
 .bss.kd        0x20000424        0x2 ./main.o
                0x20000424                kd
 *fill*         0x20000426        0x2 
 .bss.Vq_zadane
                0x20000428        0x4 ./main.o
                0x20000428                Vq_zadane
 .bss.Vd_zadane
                0x2000042c        0x4 ./main.o
                0x2000042c                Vd_zadane
 .bss.I_alfa    0x20000430        0x4 ./main.o
                0x20000430                I_alfa
 .bss.I_beta    0x20000434        0x4 ./main.o
                0x20000434                I_beta
 .bss.V_alfa    0x20000438        0x4 ./main.o
                0x20000438                V_alfa
 .bss.V_beta    0x2000043c        0x4 ./main.o
                0x2000043c                V_beta
 .bss.V_ref     0x20000440        0x4 ./main.o
                0x20000440                V_ref
 .bss.angle32   0x20000444        0x4 ./main.o
                0x20000444                angle32
 .bss.I_net     0x20000448        0x2 ./main.o
                0x20000448                I_net
 .bss.kat_enkoder
                0x2000044a        0x2 ./main.o
                0x2000044a                kat_enkoder
 .bss.kat_enkoder_poprzedni
                0x2000044c        0x2 ./main.o
                0x2000044c                kat_enkoder_poprzedni
 .bss.kat_elektryczny
                0x2000044e        0x2 ./main.o
                0x2000044e                kat_elektryczny
 .bss.kat_absolutny
                0x20000450        0x4 ./main.o
                0x20000450                kat_absolutny
 .bss.offset_elektryczny
                0x20000454        0x4 ./main.o
                0x20000454                offset_elektryczny
 .bss.angle     0x20000458        0x2 ./main.o
                0x20000458                angle
 *fill*         0x2000045a        0x2 
 .bss.iu        0x2000045c        0x4 ./main.o
                0x2000045c                iu
 .bss.iuOffset  0x20000460        0x4 ./main.o
                0x20000460                iuOffset
 .bss.iv        0x20000464        0x4 ./main.o
                0x20000464                iv
 .bss.ivOffset  0x20000468        0x4 ./main.o
                0x20000468                ivOffset
 .bss.iw        0x2000046c        0x4 ./main.o
                0x2000046c                iw
 .bss.iwOffset  0x20000470        0x4 ./main.o
                0x20000470                iwOffset
 .bss.i         0x20000474        0xc ./main.o
                0x20000474                i
 *(COMMON)
 COMMON         0x20000480       0x48 ./Dave/Generated/SYSTIMER/systimer.o
                0x20000480                g_timer_tbl
 COMMON         0x200004c8       0x20 ./Dave/Generated/ADC_QUEUE/adc_queue.o
                0x200004c8                adc_queue_list_ptrs
 COMMON         0x200004e8      0x240 ./Dave/Generated/ADC_QUEUE/adc_queue_conf.o
                0x200004e8                adc_queue_list_pos_index_1
                0x20000548                adc_queue_list_ch_index_1
                0x200005a8                adc_queue_list_ch_index_0
                0x20000608                adc_queue_list_pos_index_0
                0x20000668                adc_queue_list_ch_index_2
                0x200006c8                adc_queue_list_pos_index_2
 COMMON         0x20000728       0x84 ./main.o
                0x20000728                Iq_zadane
                0x2000072c                Iq_poprzednie
                0x20000730                tDataZero
                0x20000734                PI_Iq
                0x20000750                Id_poprzednie
                0x20000754                adc
                0x20000758                PI_Id
                0x20000774                rData
                0x2000077c                PI_predkosc
                0x20000798                Id_zadane
                0x2000079c                predkosc_enkoder
                0x200007a0                tData
                0x200007a4                uchyb_Id
                0x200007a8                uchyb
 *(.gnu.linkonce.b*)
                0x200007ac                . = ALIGN (0x4)
                0x200007ac                __bss_end = .
                0x200007b0                . = ALIGN (0x8)
 *fill*         0x200007ac        0x4 
                0x200007b0                Heap_Bank1_Start = .
                0x00000484                __bss_size = (__bss_end - __bss_start)

.no_init        0x2000ffc0       0x14
                0x2000ffc0                Heap_Bank1_End = .
 *(.no_init)
 .no_init       0x2000ffc0       0x14 ./Startup/system_XMC4500.o
                0x2000ffc0                SystemCoreClock
                0x2000ffc4                g_chipid

DSRAM2_DATA     0x30000000        0x0 load address 0x0c009218
                0x30000000                . = ALIGN (0x4)
                0x30000000                __data2_start = .
 *(DSRAM2_DATA)
                0x30000000                . = ALIGN (0x4)
                0x30000000                __data2_end = .
                0x0c009218                __data2_load = LOADADDR (DSRAM2_DATA)
                0x00000000                __data2_size = (__data2_end - __data2_start)
                0x00009218                __text_size = (((((__exidx_end - sText) + __data_size) + __ram_code_size) + __data2_size) + __data3_size)
                0x08009218                eText = (sText + __text_size)

DSRAM2_BSS      0x30000000        0x0 load address 0x0c009218
                0x30000000                . = ALIGN (0x4)
                0x30000000                __bss2_start = .
 *(ETH_RAM)
 *(USB_RAM)
 *(DSRAM2_BSS)
                0x30000000                . = ALIGN (0x4)
                0x30000000                __bss2_end = .
                0x30000000                . = ALIGN (0x8)
                0x30000000                Heap_Bank2_Start = .
                0x00000000                __bss2_size = (__bss2_end - __bss2_start)
                0x0000f810                Heap_Bank1_Size = (Heap_Bank1_End - Heap_Bank1_Start)
                0x00008000                Heap_Bank2_Size = (0x8000 - (Heap_Bank2_Start - ORIGIN (DSRAM_2_comm)))
                0x0000f3b8                Heap_Bank3_Size = (0x10000 - (Heap_Bank3_Start - ORIGIN (PSRAM_1)))
                0x00000001                ASSERT ((Heap_Bank1_Start <= Heap_Bank1_End), region SRAM_combined overflowed no_init section)

/DISCARD/
 *(.comment)

.stab
 *(.stab)

.stabstr
 *(.stabstr)

.debug
 *(.debug)

.line
 *(.line)

.debug_srcinfo
 *(.debug_srcinfo)

.debug_sfnames
 *(.debug_sfnames)

.debug_aranges  0x00000000     0x1988
 *(.debug_aranges)
 .debug_aranges
                0x00000000       0x20 ./Startup/startup_XMC4500.o
 .debug_aranges
                0x00000020       0x48 ./Startup/system_XMC4500.o
 .debug_aranges
                0x00000068       0x28 ./Libraries/XMCLib/src/xmc4_gpio.o
 .debug_aranges
                0x00000090      0x3c8 ./Libraries/XMCLib/src/xmc4_scu.o
 .debug_aranges
                0x00000458      0x128 ./Libraries/XMCLib/src/xmc_ccu4.o
 .debug_aranges
                0x00000580      0x180 ./Libraries/XMCLib/src/xmc_ccu8.o
 .debug_aranges
                0x00000700       0xb0 ./Libraries/XMCLib/src/xmc_dac.o
 .debug_aranges
                0x000007b0       0x28 ./Libraries/XMCLib/src/xmc_gpio.o
 .debug_aranges
                0x000007d8       0x80 ./Libraries/XMCLib/src/xmc_spi.o
 .debug_aranges
                0x00000858       0x70 ./Libraries/XMCLib/src/xmc_uart.o
 .debug_aranges
                0x000008c8       0x90 ./Libraries/XMCLib/src/xmc_usic.o
 .debug_aranges
                0x00000958      0x280 ./Libraries/XMCLib/src/xmc_vadc.o
 .debug_aranges
                0x00000bd8       0x28 ./Libraries/Newlib/syscalls.o
 .debug_aranges
                0x00000c00       0xf8 ./Dave/Generated/UART/uart.o
 .debug_aranges
                0x00000cf8       0x60 ./Dave/Generated/UART/uart_conf.o
 .debug_aranges
                0x00000d58       0xd8 ./Dave/Generated/TIMER/timer.o
 .debug_aranges
                0x00000e30       0x18 ./Dave/Generated/TIMER/timer_conf.o
 .debug_aranges
                0x00000e48       0xe0 ./Dave/Generated/SYSTIMER/systimer.o
 .debug_aranges
                0x00000f28       0x18 ./Dave/Generated/SYSTIMER/systimer_conf.o
 .debug_aranges
                0x00000f40      0x148 ./Dave/Generated/SPI_MASTER/spi_master.o
 .debug_aranges
                0x00001088       0x80 ./Dave/Generated/SPI_MASTER/spi_master_conf.o
 .debug_aranges
                0x00001108      0x188 ./Dave/Generated/PWM_SVM/pwm_svm.o
 .debug_aranges
                0x00001290       0x18 ./Dave/Generated/PWM_SVM/pwm_svm_conf.o
 .debug_aranges
                0x000012a8       0x18 ./Dave/Generated/PWM_SVM/pwm_svm_table.o
 .debug_aranges
                0x000012c0       0x90 ./Dave/Generated/MOTOR_LIB/motor_lib.o
 .debug_aranges
                0x00001350       0x50 ./Dave/Generated/INTERRUPT/interrupt.o
 .debug_aranges
                0x000013a0       0x18 ./Dave/Generated/INTERRUPT/interrupt_conf.o
 .debug_aranges
                0x000013b8       0x30 ./Dave/Generated/GLOBAL_CCU8/global_ccu8.o
 .debug_aranges
                0x000013e8       0x18 ./Dave/Generated/GLOBAL_CCU8/global_ccu8_conf.o
 .debug_aranges
                0x00001400       0x30 ./Dave/Generated/GLOBAL_CCU4/global_ccu4.o
 .debug_aranges
                0x00001430       0x18 ./Dave/Generated/GLOBAL_CCU4/global_ccu4_conf.o
 .debug_aranges
                0x00001448       0x30 ./Dave/Generated/GLOBAL_ADC/global_adc.o
 .debug_aranges
                0x00001478       0x18 ./Dave/Generated/GLOBAL_ADC/global_adc_conf.o
 .debug_aranges